Archive member included to satisfy reference by file (symbol)

c:/st/stm32cubeide_1.10.1/stm32cubeide/plugins/com.st.stm32cube.ide.mcu.externaltools.gnu-tools-for-stm32.10.3-2021.10.win32_1.0.0.202111181127/tools/bin/../lib/gcc/arm-none-eabi/10.3.1/../../../../arm-none-eabi/lib/thumb/v7e-m+fp/hard\libc_nano.a(lib_a-errno.o)
                              ./Src/syscalls.o (__errno)
c:/st/stm32cubeide_1.10.1/stm32cubeide/plugins/com.st.stm32cube.ide.mcu.externaltools.gnu-tools-for-stm32.10.3-2021.10.win32_1.0.0.202111181127/tools/bin/../lib/gcc/arm-none-eabi/10.3.1/../../../../arm-none-eabi/lib/thumb/v7e-m+fp/hard\libc_nano.a(lib_a-exit.o)
                              c:/st/stm32cubeide_1.10.1/stm32cubeide/plugins/com.st.stm32cube.ide.mcu.externaltools.gnu-tools-for-stm32.10.3-2021.10.win32_1.0.0.202111181127/tools/bin/../lib/gcc/arm-none-eabi/10.3.1/../../../../arm-none-eabi/lib/thumb/v7e-m+fp/hard/crt0.o (exit)
c:/st/stm32cubeide_1.10.1/stm32cubeide/plugins/com.st.stm32cube.ide.mcu.externaltools.gnu-tools-for-stm32.10.3-2021.10.win32_1.0.0.202111181127/tools/bin/../lib/gcc/arm-none-eabi/10.3.1/../../../../arm-none-eabi/lib/thumb/v7e-m+fp/hard\libc_nano.a(lib_a-impure.o)
                              c:/st/stm32cubeide_1.10.1/stm32cubeide/plugins/com.st.stm32cube.ide.mcu.externaltools.gnu-tools-for-stm32.10.3-2021.10.win32_1.0.0.202111181127/tools/bin/../lib/gcc/arm-none-eabi/10.3.1/../../../../arm-none-eabi/lib/thumb/v7e-m+fp/hard\libc_nano.a(lib_a-exit.o) (_global_impure_ptr)
c:/st/stm32cubeide_1.10.1/stm32cubeide/plugins/com.st.stm32cube.ide.mcu.externaltools.gnu-tools-for-stm32.10.3-2021.10.win32_1.0.0.202111181127/tools/bin/../lib/gcc/arm-none-eabi/10.3.1/../../../../arm-none-eabi/lib/thumb/v7e-m+fp/hard\libc_nano.a(lib_a-init.o)
                              c:/st/stm32cubeide_1.10.1/stm32cubeide/plugins/com.st.stm32cube.ide.mcu.externaltools.gnu-tools-for-stm32.10.3-2021.10.win32_1.0.0.202111181127/tools/bin/../lib/gcc/arm-none-eabi/10.3.1/../../../../arm-none-eabi/lib/thumb/v7e-m+fp/hard/crt0.o (__libc_init_array)
c:/st/stm32cubeide_1.10.1/stm32cubeide/plugins/com.st.stm32cube.ide.mcu.externaltools.gnu-tools-for-stm32.10.3-2021.10.win32_1.0.0.202111181127/tools/bin/../lib/gcc/arm-none-eabi/10.3.1/../../../../arm-none-eabi/lib/thumb/v7e-m+fp/hard\libc_nano.a(lib_a-malloc.o)
                              ./Src/GroundStation.o (malloc)
c:/st/stm32cubeide_1.10.1/stm32cubeide/plugins/com.st.stm32cube.ide.mcu.externaltools.gnu-tools-for-stm32.10.3-2021.10.win32_1.0.0.202111181127/tools/bin/../lib/gcc/arm-none-eabi/10.3.1/../../../../arm-none-eabi/lib/thumb/v7e-m+fp/hard\libc_nano.a(lib_a-memcpy-stub.o)
                              ./Src/ADCS.o (memcpy)
c:/st/stm32cubeide_1.10.1/stm32cubeide/plugins/com.st.stm32cube.ide.mcu.externaltools.gnu-tools-for-stm32.10.3-2021.10.win32_1.0.0.202111181127/tools/bin/../lib/gcc/arm-none-eabi/10.3.1/../../../../arm-none-eabi/lib/thumb/v7e-m+fp/hard\libc_nano.a(lib_a-memset.o)
                              c:/st/stm32cubeide_1.10.1/stm32cubeide/plugins/com.st.stm32cube.ide.mcu.externaltools.gnu-tools-for-stm32.10.3-2021.10.win32_1.0.0.202111181127/tools/bin/../lib/gcc/arm-none-eabi/10.3.1/../../../../arm-none-eabi/lib/thumb/v7e-m+fp/hard/crt0.o (memset)
c:/st/stm32cubeide_1.10.1/stm32cubeide/plugins/com.st.stm32cube.ide.mcu.externaltools.gnu-tools-for-stm32.10.3-2021.10.win32_1.0.0.202111181127/tools/bin/../lib/gcc/arm-none-eabi/10.3.1/../../../../arm-none-eabi/lib/thumb/v7e-m+fp/hard\libc_nano.a(lib_a-nano-freer.o)
                              c:/st/stm32cubeide_1.10.1/stm32cubeide/plugins/com.st.stm32cube.ide.mcu.externaltools.gnu-tools-for-stm32.10.3-2021.10.win32_1.0.0.202111181127/tools/bin/../lib/gcc/arm-none-eabi/10.3.1/../../../../arm-none-eabi/lib/thumb/v7e-m+fp/hard\libc_nano.a(lib_a-malloc.o) (_free_r)
c:/st/stm32cubeide_1.10.1/stm32cubeide/plugins/com.st.stm32cube.ide.mcu.externaltools.gnu-tools-for-stm32.10.3-2021.10.win32_1.0.0.202111181127/tools/bin/../lib/gcc/arm-none-eabi/10.3.1/../../../../arm-none-eabi/lib/thumb/v7e-m+fp/hard\libc_nano.a(lib_a-nano-mallocr.o)
                              c:/st/stm32cubeide_1.10.1/stm32cubeide/plugins/com.st.stm32cube.ide.mcu.externaltools.gnu-tools-for-stm32.10.3-2021.10.win32_1.0.0.202111181127/tools/bin/../lib/gcc/arm-none-eabi/10.3.1/../../../../arm-none-eabi/lib/thumb/v7e-m+fp/hard\libc_nano.a(lib_a-malloc.o) (_malloc_r)
c:/st/stm32cubeide_1.10.1/stm32cubeide/plugins/com.st.stm32cube.ide.mcu.externaltools.gnu-tools-for-stm32.10.3-2021.10.win32_1.0.0.202111181127/tools/bin/../lib/gcc/arm-none-eabi/10.3.1/../../../../arm-none-eabi/lib/thumb/v7e-m+fp/hard\libc_nano.a(lib_a-sbrkr.o)
                              c:/st/stm32cubeide_1.10.1/stm32cubeide/plugins/com.st.stm32cube.ide.mcu.externaltools.gnu-tools-for-stm32.10.3-2021.10.win32_1.0.0.202111181127/tools/bin/../lib/gcc/arm-none-eabi/10.3.1/../../../../arm-none-eabi/lib/thumb/v7e-m+fp/hard\libc_nano.a(lib_a-nano-mallocr.o) (_sbrk_r)
[...]
Memory Configuration

Name             Origin             Length             Attributes
CCMRAM           0x0000000010000000 0x0000000000010000 xrw
RAM              0x0000000020000000 0x0000000000030000 xrw
FLASH            0x0000000008000000 0x0000000000200000 xr
*default*        0x0000000000000000 0xffffffffffffffff

Linker script and memory map

LOAD c:/st/stm32cubeide_1.10.1/stm32cubeide/plugins/com.st.stm32cube.ide.mcu.externaltools.gnu-tools-for-stm32.10.3-2021.10.win32_1.0.0.202111181127/tools/bin/../lib/gcc/arm-none-eabi/10.3.1/thumb/v7e-m+fp/hard/crti.o
LOAD c:/st/stm32cubeide_1.10.1/stm32cubeide/plugins/com.st.stm32cube.ide.mcu.externaltools.gnu-tools-for-stm32.10.3-2021.10.win32_1.0.0.202111181127/tools/bin/../lib/gcc/arm-none-eabi/10.3.1/thumb/v7e-m+fp/hard/crtbegin.o
LOAD c:/st/stm32cubeide_1.10.1/stm32cubeide/plugins/com.st.stm32cube.ide.mcu.externaltools.gnu-tools-for-stm32.10.3-2021.10.win32_1.0.0.202111181127/tools/bin/../lib/gcc/arm-none-eabi/10.3.1/../../../../arm-none-eabi/lib/thumb/v7e-m+fp/hard/crt0.o
LOAD ./Drivers/STM32F4xx_HAL_Driver/Src/stm32f4xx_hal.o
LOAD ./Drivers/STM32F4xx_HAL_Driver/Src/stm32f4xx_hal_cortex.o
LOAD ./Drivers/STM32F4xx_HAL_Driver/Src/stm32f4xx_hal_dma.o
LOAD ./Drivers/STM32F4xx_HAL_Driver/Src/stm32f4xx_hal_dma_ex.o
LOAD ./Drivers/STM32F4xx_HAL_Driver/Src/stm32f4xx_hal_exti.o
LOAD ./Drivers/STM32F4xx_HAL_Driver/Src/stm32f4xx_hal_flash.o
LOAD ./Drivers/STM32F4xx_HAL_Driver/Src/stm32f4xx_hal_flash_ex.o
LOAD ./Drivers/STM32F4xx_HAL_Driver/Src/stm32f4xx_hal_flash_ramfunc.o
LOAD ./Drivers/STM32F4xx_HAL_Driver/Src/stm32f4xx_hal_gpio.o
LOAD ./Drivers/STM32F4xx_HAL_Driver/Src/stm32f4xx_hal_i2c.o
LOAD ./Drivers/STM32F4xx_HAL_Driver/Src/stm32f4xx_hal_i2c_ex.o
LOAD ./Drivers/STM32F4xx_HAL_Driver/Src/stm32f4xx_hal_pwr.o
LOAD ./Drivers/STM32F4xx_HAL_Driver/Src/stm32f4xx_hal_pwr_ex.o
LOAD ./Drivers/STM32F4xx_HAL_Driver/Src/stm32f4xx_hal_rcc.o
LOAD ./Drivers/STM32F4xx_HAL_Driver/Src/stm32f4xx_hal_rcc_ex.o
LOAD ./Drivers/STM32F4xx_HAL_Driver/Src/stm32f4xx_hal_tim.o
LOAD ./Drivers/STM32F4xx_HAL_Driver/Src/stm32f4xx_hal_tim_ex.o
LOAD ./Drivers/STM32F4xx_HAL_Driver/Src/stm32f4xx_hal_uart.o
LOAD ./Src/ADCS.o
LOAD ./Src/BatteryCapacity.o
LOAD ./Src/EPS.o
LOAD ./Src/GroundStation.o
LOAD ./Src/UHF.o
LOAD ./Src/adcs_commissioning_steps.o
LOAD ./Src/disco_helper_functions.o
LOAD ./Src/gpio.o
LOAD ./Src/helper_functions.o
LOAD ./Src/i2c.o
LOAD ./Src/main.o
LOAD ./Src/stm32f4xx_hal_msp.o
LOAD ./Src/stm32f4xx_it.o
LOAD ./Src/syscalls.o
LOAD ./Src/sysmem.o
LOAD ./Src/system_stm32f4xx.o
LOAD ./Src/usart.o
LOAD ./Startup/startup_stm32f429zitx.o
START GROUP
LOAD c:/st/stm32cubeide_1.10.1/stm32cubeide/plugins/com.st.stm32cube.ide.mcu.externaltools.gnu-tools-for-stm32.10.3-2021.10.win32_1.0.0.202111181127/tools/bin/../lib/gcc/arm-none-eabi/10.3.1/../../../../arm-none-eabi/lib/thumb/v7e-m+fp/hard\libc_nano.a
LOAD c:/st/stm32cubeide_1.10.1/stm32cubeide/plugins/com.st.stm32cube.ide.mcu.externaltools.gnu-tools-for-stm32.10.3-2021.10.win32_1.0.0.202111181127/tools/bin/../lib/gcc/arm-none-eabi/10.3.1/../../../../arm-none-eabi/lib/thumb/v7e-m+fp/hard\libm.a
END GROUP
START GROUP
LOAD c:/st/stm32cubeide_1.10.1/stm32cubeide/plugins/com.st.stm32cube.ide.mcu.externaltools.gnu-tools-for-stm32.10.3-2021.10.win32_1.0.0.202111181127/tools/bin/../lib/gcc/arm-none-eabi/10.3.1/thumb/v7e-m+fp/hard\libgcc.a
LOAD c:/st/stm32cubeide_1.10.1/stm32cubeide/plugins/com.st.stm32cube.ide.mcu.externaltools.gnu-tools-for-stm32.10.3-2021.10.win32_1.0.0.202111181127/tools/bin/../lib/gcc/arm-none-eabi/10.3.1/../../../../arm-none-eabi/lib/thumb/v7e-m+fp/hard\libc_nano.a
END GROUP
START GROUP
LOAD c:/st/stm32cubeide_1.10.1/stm32cubeide/plugins/com.st.stm32cube.ide.mcu.externaltools.gnu-tools-for-stm32.10.3-2021.10.win32_1.0.0.202111181127/tools/bin/../lib/gcc/arm-none-eabi/10.3.1/thumb/v7e-m+fp/hard\libgcc.a
LOAD c:/st/stm32cubeide_1.10.1/stm32cubeide/plugins/com.st.stm32cube.ide.mcu.externaltools.gnu-tools-for-stm32.10.3-2021.10.win32_1.0.0.202111181127/tools/bin/../lib/gcc/arm-none-eabi/10.3.1/../../../../arm-none-eabi/lib/thumb/v7e-m+fp/hard\libc_nano.a
LOAD c:/st/stm32cubeide_1.10.1/stm32cubeide/plugins/com.st.stm32cube.ide.mcu.externaltools.gnu-tools-for-stm32.10.3-2021.10.win32_1.0.0.202111181127/tools/bin/../lib/gcc/arm-none-eabi/10.3.1/../../../../arm-none-eabi/lib/thumb/v7e-m+fp/hard\libnosys.a
END GROUP
START GROUP
LOAD c:/st/stm32cubeide_1.10.1/stm32cubeide/plugins/com.st.stm32cube.ide.mcu.externaltools.gnu-tools-for-stm32.10.3-2021.10.win32_1.0.0.202111181127/tools/bin/../lib/gcc/arm-none-eabi/10.3.1/thumb/v7e-m+fp/hard\libgcc.a
LOAD c:/st/stm32cubeide_1.10.1/stm32cubeide/plugins/com.st.stm32cube.ide.mcu.externaltools.gnu-tools-for-stm32.10.3-2021.10.win32_1.0.0.202111181127/tools/bin/../lib/gcc/arm-none-eabi/10.3.1/../../../../arm-none-eabi/lib/thumb/v7e-m+fp/hard\libc_nano.a
LOAD c:/st/stm32cubeide_1.10.1/stm32cubeide/plugins/com.st.stm32cube.ide.mcu.externaltools.gnu-tools-for-stm32.10.3-2021.10.win32_1.0.0.202111181127/tools/bin/../lib/gcc/arm-none-eabi/10.3.1/../../../../arm-none-eabi/lib/thumb/v7e-m+fp/hard\libnosys.a
END GROUP
LOAD c:/st/stm32cubeide_1.10.1/stm32cubeide/plugins/com.st.stm32cube.ide.mcu.externaltools.gnu-tools-for-stm32.10.3-2021.10.win32_1.0.0.202111181127/tools/bin/../lib/gcc/arm-none-eabi/10.3.1/thumb/v7e-m+fp/hard/crtend.o
LOAD c:/st/stm32cubeide_1.10.1/stm32cubeide/plugins/com.st.stm32cube.ide.mcu.externaltools.gnu-tools-for-stm32.10.3-2021.10.win32_1.0.0.202111181127/tools/bin/../lib/gcc/arm-none-eabi/10.3.1/thumb/v7e-m+fp/hard/crtn.o
                0x0000000020030000                _estack = (ORIGIN (RAM) + LENGTH (RAM))
                0x0000000000000200                _Min_Heap_Size = 0x200
                0x0000000000000400                _Min_Stack_Size = 0x400

.isr_vector     0x0000000008000000      0x1ac
                0x0000000008000000                . = ALIGN (0x4)
 *(.isr_vector)
 .isr_vector    0x0000000008000000      0x1ac ./Startup/startup_stm32f429zitx.o
                0x0000000008000000                g_pfnVectors
                0x00000000080001ac                . = ALIGN (0x4)

.text           0x00000000080001b0     0x7c7c
                0x00000000080001b0                . = ALIGN (0x4)
 *(.text)
 .text          0x00000000080001b0       0x40 c:/st/stm32cubeide_1.10.1/stm32cubeide/plugins/com.st.stm32cube.ide.mcu.externaltools.gnu-tools-for-stm32.10.3-2021.10.win32_1.0.0.202111181127/tools/bin/../lib/gcc/arm-none-eabi/10.3.1/thumb/v7e-m+fp/hard/crtbegin.o
 .text          0x00000000080001f0       0xa0 c:/st/stm32cubeide_1.10.1/stm32cubeide/plugins/com.st.stm32cube.ide.mcu.externaltools.gnu-tools-for-stm32.10.3-2021.10.win32_1.0.0.202111181127/tools/bin/../lib/gcc/arm-none-eabi/10.3.1/../../../../arm-none-eabi/lib/thumb/v7e-m+fp/hard\libc_nano.a(lib_a-memchr.o)
                0x00000000080001f0                memchr
 .text          0x0000000008000290       0x30 c:/st/stm32cubeide_1.10.1/stm32cubeide/plugins/com.st.stm32cube.ide.mcu.externaltools.gnu-tools-for-stm32.10.3-2021.10.win32_1.0.0.202111181127/tools/bin/../lib/gcc/arm-none-eabi/10.3.1/thumb/v7e-m+fp/hard\libgcc.a(_aeabi_uldivmod.o)
                0x0000000008000290                __aeabi_uldivmod
 .text          0x00000000080002c0      0x2d0 c:/st/stm32cubeide_1.10.1/stm32cubeide/plugins/com.st.stm32cube.ide.mcu.externaltools.gnu-tools-for-stm32.10.3-2021.10.win32_1.0.0.202111181127/tools/bin/../lib/gcc/arm-none-eabi/10.3.1/thumb/v7e-m+fp/hard\libgcc.a(_udivmoddi4.o)
                0x00000000080002c0                __udivmoddi4
 .text          0x0000000008000590        0x4 c:/st/stm32cubeide_1.10.1/stm32cubeide/plugins/com.st.stm32cube.ide.mcu.externaltools.gnu-tools-for-stm32.10.3-2021.10.win32_1.0.0.202111181127/tools/bin/../lib/gcc/arm-none-eabi/10.3.1/thumb/v7e-m+fp/hard\libgcc.a(_dvmd_tls.o)
                0x0000000008000590                __aeabi_idiv0
                0x0000000008000590                __aeabi_ldiv0
 *(.text*)
 .text.HAL_Init
                0x0000000008000594       0x44 ./Drivers/STM32F4xx_HAL_Driver/Src/stm32f4xx_hal.o
                0x0000000008000594                HAL_Init
 .text.HAL_InitTick
                0x00000000080005d8       0x60 ./Drivers/STM32F4xx_HAL_Driver/Src/stm32f4xx_hal.o
                0x00000000080005d8                HAL_InitTick
 .text.HAL_IncTick
                0x0000000008000638       0x28 ./Drivers/STM32F4xx_HAL_Driver/Src/stm32f4xx_hal.o
                0x0000000008000638                HAL_IncTick
 .text.HAL_GetTick
                0x0000000008000660       0x18 ./Drivers/STM32F4xx_HAL_Driver/Src/stm32f4xx_hal.o
                0x0000000008000660                HAL_GetTick
 .text.__NVIC_SetPriorityGrouping
                0x0000000008000678       0x48 ./Drivers/STM32F4xx_HAL_Driver/Src/stm32f4xx_hal_cortex.o
 .text.__NVIC_GetPriorityGrouping
                0x00000000080006c0       0x1c ./Drivers/STM32F4xx_HAL_Driver/Src/stm32f4xx_hal_cortex.o
 .text.__NVIC_EnableIRQ
                0x00000000080006dc       0x3c ./Drivers/STM32F4xx_HAL_Driver/Src/stm32f4xx_hal_cortex.o
 .text.__NVIC_SetPriority
                0x0000000008000718       0x54 ./Drivers/STM32F4xx_HAL_Driver/Src/stm32f4xx_hal_cortex.o
 .text.NVIC_EncodePriority
                0x000000000800076c       0x66 ./Drivers/STM32F4xx_HAL_Driver/Src/stm32f4xx_hal_cortex.o
 *fill*         0x00000000080007d2        0x2 
 .text.SysTick_Config
                0x00000000080007d4       0x44 ./Drivers/STM32F4xx_HAL_Driver/Src/stm32f4xx_hal_cortex.o
 .text.HAL_NVIC_SetPriorityGrouping
                0x0000000008000818       0x16 ./Drivers/STM32F4xx_HAL_Driver/Src/stm32f4xx_hal_cortex.o
                0x0000000008000818                HAL_NVIC_SetPriorityGrouping
 .text.HAL_NVIC_SetPriority
                0x000000000800082e       0x38 ./Drivers/STM32F4xx_HAL_Driver/Src/stm32f4xx_hal_cortex.o
                0x000000000800082e                HAL_NVIC_SetPriority
 .text.HAL_NVIC_EnableIRQ
                0x0000000008000866       0x1c ./Drivers/STM32F4xx_HAL_Driver/Src/stm32f4xx_hal_cortex.o
                0x0000000008000866                HAL_NVIC_EnableIRQ
 .text.HAL_SYSTICK_Config
                0x0000000008000882       0x18 ./Drivers/STM32F4xx_HAL_Driver/Src/stm32f4xx_hal_cortex.o
                0x0000000008000882                HAL_SYSTICK_Config
 .text.HAL_DMA_Abort_IT
                0x000000000800089a       0x44 ./Drivers/STM32F4xx_HAL_Driver/Src/stm32f4xx_hal_dma.o
                0x000000000800089a                HAL_DMA_Abort_IT
 .text.HAL_DMA_GetState
                0x00000000080008de       0x1c ./Drivers/STM32F4xx_HAL_Driver/Src/stm32f4xx_hal_dma.o
                0x00000000080008de                HAL_DMA_GetState
 *fill*         0x00000000080008fa        0x2 
 .text.HAL_GPIO_Init
                0x00000000080008fc      0x358 ./Drivers/STM32F4xx_HAL_Driver/Src/stm32f4xx_hal_gpio.o
                0x00000000080008fc                HAL_GPIO_Init
 .text.HAL_GPIO_WritePin
                0x0000000008000c54       0x32 ./Drivers/STM32F4xx_HAL_Driver/Src/stm32f4xx_hal_gpio.o
                0x0000000008000c54                HAL_GPIO_WritePin
 *fill*         0x0000000008000c86        0x2 
 .text.HAL_I2C_Init
                0x0000000008000c88      0x288 ./Drivers/STM32F4xx_HAL_Driver/Src/stm32f4xx_hal_i2c.o
                0x0000000008000c88                HAL_I2C_Init
 .text.HAL_I2C_Master_Transmit
                0x0000000008000f10      0x1fc ./Drivers/STM32F4xx_HAL_Driver/Src/stm32f4xx_hal_i2c.o
                0x0000000008000f10                HAL_I2C_Master_Transmit
 .text.HAL_I2C_Master_Receive
                0x000000000800110c      0x44c ./Drivers/STM32F4xx_HAL_Driver/Src/stm32f4xx_hal_i2c.o
                0x000000000800110c                HAL_I2C_Master_Receive
 .text.HAL_I2C_Master_Receive_IT
                0x0000000008001558      0x15c ./Drivers/STM32F4xx_HAL_Driver/Src/stm32f4xx_hal_i2c.o
                0x0000000008001558                HAL_I2C_Master_Receive_IT
 .text.HAL_I2C_EV_IRQHandler
                0x00000000080016b4      0x2da ./Drivers/STM32F4xx_HAL_Driver/Src/stm32f4xx_hal_i2c.o
                0x00000000080016b4                HAL_I2C_EV_IRQHandler
 .text.HAL_I2C_MasterTxCpltCallback
                0x000000000800198e       0x14 ./Drivers/STM32F4xx_HAL_Driver/Src/stm32f4xx_hal_i2c.o
                0x000000000800198e                HAL_I2C_MasterTxCpltCallback
 .text.HAL_I2C_SlaveTxCpltCallback
                0x00000000080019a2       0x14 ./Drivers/STM32F4xx_HAL_Driver/Src/stm32f4xx_hal_i2c.o
                0x00000000080019a2                HAL_I2C_SlaveTxCpltCallback
 .text.HAL_I2C_SlaveRxCpltCallback
                0x00000000080019b6       0x14 ./Drivers/STM32F4xx_HAL_Driver/Src/stm32f4xx_hal_i2c.o
                0x00000000080019b6                HAL_I2C_SlaveRxCpltCallback
 .text.HAL_I2C_AddrCallback
                0x00000000080019ca       0x1c ./Drivers/STM32F4xx_HAL_Driver/Src/stm32f4xx_hal_i2c.o
                0x00000000080019ca                HAL_I2C_AddrCallback
 .text.HAL_I2C_ListenCpltCallback
                0x00000000080019e6       0x14 ./Drivers/STM32F4xx_HAL_Driver/Src/stm32f4xx_hal_i2c.o
                0x00000000080019e6                HAL_I2C_ListenCpltCallback
 .text.HAL_I2C_MemTxCpltCallback
                0x00000000080019fa       0x14 ./Drivers/STM32F4xx_HAL_Driver/Src/stm32f4xx_hal_i2c.o
                0x00000000080019fa                HAL_I2C_MemTxCpltCallback
 .text.HAL_I2C_MemRxCpltCallback
                0x0000000008001a0e       0x14 ./Drivers/STM32F4xx_HAL_Driver/Src/stm32f4xx_hal_i2c.o
                0x0000000008001a0e                HAL_I2C_MemRxCpltCallback
 .text.HAL_I2C_ErrorCallback
                0x0000000008001a22       0x14 ./Drivers/STM32F4xx_HAL_Driver/Src/stm32f4xx_hal_i2c.o
                0x0000000008001a22                HAL_I2C_ErrorCallback
 .text.HAL_I2C_AbortCpltCallback
                0x0000000008001a36       0x14 ./Drivers/STM32F4xx_HAL_Driver/Src/stm32f4xx_hal_i2c.o
                0x0000000008001a36                HAL_I2C_AbortCpltCallback
 .text.I2C_MasterTransmit_TXE
                0x0000000008001a4a      0x138 ./Drivers/STM32F4xx_HAL_Driver/Src/stm32f4xx_hal_i2c.o
 .text.I2C_MasterTransmit_BTF
                0x0000000008001b82       0xd0 ./Drivers/STM32F4xx_HAL_Driver/Src/stm32f4xx_hal_i2c.o
 .text.I2C_MemoryTransmit_TXE_BTF
                0x0000000008001c52      0x11e ./Drivers/STM32F4xx_HAL_Driver/Src/stm32f4xx_hal_i2c.o
 .text.I2C_MasterReceive_RXNE
                0x0000000008001d70      0x162 ./Drivers/STM32F4xx_HAL_Driver/Src/stm32f4xx_hal_i2c.o
 .text.I2C_MasterReceive_BTF
                0x0000000008001ed2      0x1d4 ./Drivers/STM32F4xx_HAL_Driver/Src/stm32f4xx_hal_i2c.o
 .text.I2C_Master_SB
                0x00000000080020a6      0x10c ./Drivers/STM32F4xx_HAL_Driver/Src/stm32f4xx_hal_i2c.o
 .text.I2C_Master_ADD10
                0x00000000080021b2       0x54 ./Drivers/STM32F4xx_HAL_Driver/Src/stm32f4xx_hal_i2c.o
 .text.I2C_Master_ADDR
                0x0000000008002206      0x322 ./Drivers/STM32F4xx_HAL_Driver/Src/stm32f4xx_hal_i2c.o
 .text.I2C_SlaveTransmit_TXE
                0x0000000008002528       0x7a ./Drivers/STM32F4xx_HAL_Driver/Src/stm32f4xx_hal_i2c.o
 .text.I2C_SlaveTransmit_BTF
                0x00000000080025a2       0x42 ./Drivers/STM32F4xx_HAL_Driver/Src/stm32f4xx_hal_i2c.o
 .text.I2C_SlaveReceive_RXNE
                0x00000000080025e4       0x7c ./Drivers/STM32F4xx_HAL_Driver/Src/stm32f4xx_hal_i2c.o
 .text.I2C_SlaveReceive_BTF
                0x0000000008002660       0x44 ./Drivers/STM32F4xx_HAL_Driver/Src/stm32f4xx_hal_i2c.o
 .text.I2C_Slave_ADDR
                0x00000000080026a4       0x88 ./Drivers/STM32F4xx_HAL_Driver/Src/stm32f4xx_hal_i2c.o
 .text.I2C_Slave_STOPF
                0x000000000800272c      0x260 ./Drivers/STM32F4xx_HAL_Driver/Src/stm32f4xx_hal_i2c.o
 .text.I2C_ITError
                0x000000000800298c      0x264 ./Drivers/STM32F4xx_HAL_Driver/Src/stm32f4xx_hal_i2c.o
 .text.I2C_MasterRequestWrite
                0x0000000008002bf0      0x104 ./Drivers/STM32F4xx_HAL_Driver/Src/stm32f4xx_hal_i2c.o
 .text.I2C_MasterRequestRead
                0x0000000008002cf4      0x19c ./Drivers/STM32F4xx_HAL_Driver/Src/stm32f4xx_hal_i2c.o
 .text.I2C_DMAAbort
                0x0000000008002e90      0x150 ./Drivers/STM32F4xx_HAL_Driver/Src/stm32f4xx_hal_i2c.o
 .text.I2C_WaitOnFlagUntilTimeout
                0x0000000008002fe0       0xae ./Drivers/STM32F4xx_HAL_Driver/Src/stm32f4xx_hal_i2c.o
 .text.I2C_WaitOnMasterAddressFlagUntilTimeout
                0x000000000800308e       0xfe ./Drivers/STM32F4xx_HAL_Driver/Src/stm32f4xx_hal_i2c.o
 .text.I2C_WaitOnTXEFlagUntilTimeout
                0x000000000800318c       0x82 ./Drivers/STM32F4xx_HAL_Driver/Src/stm32f4xx_hal_i2c.o
 .text.I2C_WaitOnBTFFlagUntilTimeout
                0x000000000800320e       0x82 ./Drivers/STM32F4xx_HAL_Driver/Src/stm32f4xx_hal_i2c.o
 .text.I2C_WaitOnSTOPRequestThroughIT
                0x0000000008003290       0x64 ./Drivers/STM32F4xx_HAL_Driver/Src/stm32f4xx_hal_i2c.o
 .text.I2C_WaitOnRXNEFlagUntilTimeout
                0x00000000080032f4       0xac ./Drivers/STM32F4xx_HAL_Driver/Src/stm32f4xx_hal_i2c.o
 .text.I2C_IsAcknowledgeFailed
                0x00000000080033a0       0x5e ./Drivers/STM32F4xx_HAL_Driver/Src/stm32f4xx_hal_i2c.o
 .text.I2C_ConvertOtherXferOptions
                0x00000000080033fe       0x36 ./Drivers/STM32F4xx_HAL_Driver/Src/stm32f4xx_hal_i2c.o
 .text.HAL_I2CEx_ConfigAnalogFilter
                0x0000000008003434       0x78 ./Drivers/STM32F4xx_HAL_Driver/Src/stm32f4xx_hal_i2c_ex.o
                0x0000000008003434                HAL_I2CEx_ConfigAnalogFilter
 .text.HAL_I2CEx_ConfigDigitalFilter
                0x00000000080034ac       0x7e ./Drivers/STM32F4xx_HAL_Driver/Src/stm32f4xx_hal_i2c_ex.o
                0x00000000080034ac                HAL_I2CEx_ConfigDigitalFilter
 *fill*         0x000000000800352a        0x2 
 .text.HAL_RCC_OscConfig
                0x000000000800352c      0x4dc ./Drivers/STM32F4xx_HAL_Driver/Src/stm32f4xx_hal_rcc.o
                0x000000000800352c                HAL_RCC_OscConfig
 .text.HAL_RCC_ClockConfig
                0x0000000008003a08      0x1cc ./Drivers/STM32F4xx_HAL_Driver/Src/stm32f4xx_hal_rcc.o
                0x0000000008003a08                HAL_RCC_ClockConfig
 .text.HAL_RCC_GetSysClockFreq
                0x0000000008003bd4      0x18c ./Drivers/STM32F4xx_HAL_Driver/Src/stm32f4xx_hal_rcc.o
                0x0000000008003bd4                HAL_RCC_GetSysClockFreq
 .text.HAL_RCC_GetHCLKFreq
                0x0000000008003d60       0x18 ./Drivers/STM32F4xx_HAL_Driver/Src/stm32f4xx_hal_rcc.o
                0x0000000008003d60                HAL_RCC_GetHCLKFreq
 .text.HAL_RCC_GetPCLK1Freq
                0x0000000008003d78       0x28 ./Drivers/STM32F4xx_HAL_Driver/Src/stm32f4xx_hal_rcc.o
                0x0000000008003d78                HAL_RCC_GetPCLK1Freq
 .text.HAL_RCC_GetPCLK2Freq
                0x0000000008003da0       0x28 ./Drivers/STM32F4xx_HAL_Driver/Src/stm32f4xx_hal_rcc.o
                0x0000000008003da0                HAL_RCC_GetPCLK2Freq
 .text.HAL_UART_Init
                0x0000000008003dc8       0x9a ./Drivers/STM32F4xx_HAL_Driver/Src/stm32f4xx_hal_uart.o
                0x0000000008003dc8                HAL_UART_Init
 .text.HAL_UART_Transmit
                0x0000000008003e62      0x132 ./Drivers/STM32F4xx_HAL_Driver/Src/stm32f4xx_hal_uart.o
                0x0000000008003e62                HAL_UART_Transmit
 .text.HAL_UART_Receive_IT
                0x0000000008003f94       0xaa ./Drivers/STM32F4xx_HAL_Driver/Src/stm32f4xx_hal_uart.o
                0x0000000008003f94                HAL_UART_Receive_IT
 *fill*         0x000000000800403e        0x2 
 .text.HAL_UART_IRQHandler
                0x0000000008004040      0x200 ./Drivers/STM32F4xx_HAL_Driver/Src/stm32f4xx_hal_uart.o
                0x0000000008004040                HAL_UART_IRQHandler
 .text.HAL_UART_TxCpltCallback
                0x0000000008004240       0x14 ./Drivers/STM32F4xx_HAL_Driver/Src/stm32f4xx_hal_uart.o
                0x0000000008004240                HAL_UART_TxCpltCallback
 .text.HAL_UART_ErrorCallback
                0x0000000008004254       0x14 ./Drivers/STM32F4xx_HAL_Driver/Src/stm32f4xx_hal_uart.o
                0x0000000008004254                HAL_UART_ErrorCallback
 .text.UART_WaitOnFlagUntilTimeout
                0x0000000008004268       0x94 ./Drivers/STM32F4xx_HAL_Driver/Src/stm32f4xx_hal_uart.o
 .text.UART_EndRxTransfer
                0x00000000080042fc       0x3c ./Drivers/STM32F4xx_HAL_Driver/Src/stm32f4xx_hal_uart.o
 .text.UART_DMAAbortOnError
                0x0000000008004338       0x28 ./Drivers/STM32F4xx_HAL_Driver/Src/stm32f4xx_hal_uart.o
 .text.UART_Transmit_IT
                0x0000000008004360       0xac ./Drivers/STM32F4xx_HAL_Driver/Src/stm32f4xx_hal_uart.o
 .text.UART_EndTransmit_IT
                0x000000000800440c       0x30 ./Drivers/STM32F4xx_HAL_Driver/Src/stm32f4xx_hal_uart.o
 .text.UART_Receive_IT
                0x000000000800443c      0x140 ./Drivers/STM32F4xx_HAL_Driver/Src/stm32f4xx_hal_uart.o
 .text.UART_SetConfig
                0x000000000800457c      0x99c ./Drivers/STM32F4xx_HAL_Driver/Src/stm32f4xx_hal_uart.o
 .text.READ_EPS_BATTERY_VOLTAGE
                0x0000000008004f18       0x64 ./Src/EPS.o
                0x0000000008004f18                READ_EPS_BATTERY_VOLTAGE
 .text.READ_EPS_BATTERY_CURRENT
                0x0000000008004f7c       0x64 ./Src/EPS.o
                0x0000000008004f7c                READ_EPS_BATTERY_CURRENT
 .text.READ_EPS_SOLAR_X_VOLTAGE
                0x0000000008004fe0       0x64 ./Src/EPS.o
                0x0000000008004fe0                READ_EPS_SOLAR_X_VOLTAGE
 .text.READ_EPS_SOLAR_X_NEG_CURRENT
                0x0000000008005044       0x64 ./Src/EPS.o
                0x0000000008005044                READ_EPS_SOLAR_X_NEG_CURRENT
 .text.READ_EPS_SOLAR_X_POS_CURRENT
                0x00000000080050a8       0x64 ./Src/EPS.o
                0x00000000080050a8                READ_EPS_SOLAR_X_POS_CURRENT
 .text.READ_EPS_SOLAR_Y_VOLTAGE
                0x000000000800510c       0x64 ./Src/EPS.o
                0x000000000800510c                READ_EPS_SOLAR_Y_VOLTAGE
 .text.READ_EPS_SOLAR_Y_NEG_CURRENT
                0x0000000008005170       0x64 ./Src/EPS.o
                0x0000000008005170                READ_EPS_SOLAR_Y_NEG_CURRENT
 .text.READ_EPS_SOLAR_Y_POS_CURRENT
                0x00000000080051d4       0x64 ./Src/EPS.o
                0x00000000080051d4                READ_EPS_SOLAR_Y_POS_CURRENT
 .text.READ_EPS_SOLAR_Z_VOLTAGE
                0x0000000008005238       0x64 ./Src/EPS.o
                0x0000000008005238                READ_EPS_SOLAR_Z_VOLTAGE
 .text.READ_EPS_SOLAR_Z_NEG_CURRENT
                0x000000000800529c       0x64 ./Src/EPS.o
                0x000000000800529c                READ_EPS_SOLAR_Z_NEG_CURRENT
 .text.READ_EPS_SOLAR_Z_POS_CURRENT
                0x0000000008005300       0x64 ./Src/EPS.o
                0x0000000008005300                READ_EPS_SOLAR_Z_POS_CURRENT
 .text.READ_EPS_3V_CURRENT
                0x0000000008005364       0x64 ./Src/EPS.o
                0x0000000008005364                READ_EPS_3V_CURRENT
 .text.READ_EPS_5V_CURRENT
                0x00000000080053c8       0x64 ./Src/EPS.o
                0x00000000080053c8                READ_EPS_5V_CURRENT
 .text.READ_EPS_MCU_TEMP
                0x000000000800542c       0x7c ./Src/EPS.o
                0x000000000800542c                READ_EPS_MCU_TEMP
 .text.READ_EPS_BATT_1_TEMP
                0x00000000080054a8       0x64 ./Src/EPS.o
                0x00000000080054a8                READ_EPS_BATT_1_TEMP
 .text.READ_EPS_BATT_2_TEMP
                0x000000000800550c       0x64 ./Src/EPS.o
                0x000000000800550c                READ_EPS_BATT_2_TEMP
 .text.READ_EPS_BATT_3_TEMP
                0x0000000008005570       0x64 ./Src/EPS.o
                0x0000000008005570                READ_EPS_BATT_3_TEMP
 .text.READ_EPS_BATT_4_TEMP
                0x00000000080055d4       0x64 ./Src/EPS.o
                0x00000000080055d4                READ_EPS_BATT_4_TEMP
 .text.READ_EPS_INPUT_CONDITION
                0x0000000008005638       0x4a ./Src/EPS.o
                0x0000000008005638                READ_EPS_INPUT_CONDITION
 .text.READ_EPS_OUTPUT_CONDITION1
                0x0000000008005682       0x4a ./Src/EPS.o
                0x0000000008005682                READ_EPS_OUTPUT_CONDITION1
 .text.READ_EPS_OUTPUT_CONDITION2
                0x00000000080056cc       0x4a ./Src/EPS.o
                0x00000000080056cc                READ_EPS_OUTPUT_CONDITION2
 .text.READ_EPS_POWER_ON_CYCLES
                0x0000000008005716       0x4a ./Src/EPS.o
                0x0000000008005716                READ_EPS_POWER_ON_CYCLES
 .text.READ_EPS_UNDER_VOLT_COUNT
                0x0000000008005760       0x4a ./Src/EPS.o
                0x0000000008005760                READ_EPS_UNDER_VOLT_COUNT
 .text.READ_EPS_SHORT_CIRCUIT_COUNT
                0x00000000080057aa       0x4a ./Src/EPS.o
                0x00000000080057aa                READ_EPS_SHORT_CIRCUIT_COUNT
 .text.READ_EPS_OVER_TEMP_COUNT
                0x00000000080057f4       0x4a ./Src/EPS.o
                0x00000000080057f4                READ_EPS_OVER_TEMP_COUNT
 .text.READ_EPS_CHARGE_CYCLES
                0x000000000800583e       0x4a ./Src/EPS.o
                0x000000000800583e                READ_EPS_CHARGE_CYCLES
 .text.READ_EPS_DEFAULTS1
                0x0000000008005888       0x4a ./Src/EPS.o
                0x0000000008005888                READ_EPS_DEFAULTS1
 .text.READ_EPS_DEFAULTS2
                0x00000000080058d2       0x4a ./Src/EPS.o
                0x00000000080058d2                READ_EPS_DEFAULTS2
 .text.enable_EPS_Vbatt_Bus
                0x000000000800591c       0x12 ./Src/EPS.o
                0x000000000800591c                enable_EPS_Vbatt_Bus
 .text.disable_EPS_Vbatt_Bus
                0x000000000800592e       0x12 ./Src/EPS.o
                0x000000000800592e                disable_EPS_Vbatt_Bus
 .text.enable_EPS_5v_Bus
                0x0000000008005940       0x12 ./Src/EPS.o
                0x0000000008005940                enable_EPS_5v_Bus
 .text.disable_EPS_5v_Bus
                0x0000000008005952       0x12 ./Src/EPS.o
                0x0000000008005952                disable_EPS_5v_Bus
 .text.enable_EPS_Fast_Charge1
                0x0000000008005964       0x12 ./Src/EPS.o
                0x0000000008005964                enable_EPS_Fast_Charge1
 .text.disable_EPS_Fast_Charge1
                0x0000000008005976       0x12 ./Src/EPS.o
                0x0000000008005976                disable_EPS_Fast_Charge1
 .text.enable_EPS_Fast_Charge2
                0x0000000008005988       0x12 ./Src/EPS.o
                0x0000000008005988                enable_EPS_Fast_Charge2
 .text.disable_EPS_Fast_Charge2
                0x000000000800599a       0x12 ./Src/EPS.o
                0x000000000800599a                disable_EPS_Fast_Charge2
 .text.enable_EPS_Output_1
                0x00000000080059ac       0x12 ./Src/EPS.o
                0x00000000080059ac                enable_EPS_Output_1
 .text.disable_EPS_Output_1
                0x00000000080059be       0x12 ./Src/EPS.o
                0x00000000080059be                disable_EPS_Output_1
 .text.enable_EPS_Output_2
                0x00000000080059d0       0x12 ./Src/EPS.o
                0x00000000080059d0                enable_EPS_Output_2
 .text.disable_EPS_Output_2
                0x00000000080059e2       0x12 ./Src/EPS.o
                0x00000000080059e2                disable_EPS_Output_2
 .text.enable_EPS_Output_3
                0x00000000080059f4       0x12 ./Src/EPS.o
                0x00000000080059f4                enable_EPS_Output_3
 .text.disable_EPS_Output_3
                0x0000000008005a06       0x12 ./Src/EPS.o
                0x0000000008005a06                disable_EPS_Output_3
 .text.enable_EPS_Output_5
                0x0000000008005a18       0x12 ./Src/EPS.o
                0x0000000008005a18                enable_EPS_Output_5
 .text.disable_EPS_Output_5
                0x0000000008005a2a       0x12 ./Src/EPS.o
                0x0000000008005a2a                disable_EPS_Output_5
 .text.enable_EPS_Output_6
                0x0000000008005a3c       0x12 ./Src/EPS.o
                0x0000000008005a3c                enable_EPS_Output_6
 .text.disable_EPS_Output_6
                0x0000000008005a4e       0x12 ./Src/EPS.o
                0x0000000008005a4e                disable_EPS_Output_6
 .text.enable_EPS_Batt_Heater_1
                0x0000000008005a60       0x12 ./Src/EPS.o
                0x0000000008005a60                enable_EPS_Batt_Heater_1
 .text.disable_EPS_Batt_Heater_1
                0x0000000008005a72       0x12 ./Src/EPS.o
                0x0000000008005a72                disable_EPS_Batt_Heater_1
 .text.enable_EPS_Batt_Heater_2
                0x0000000008005a84       0x12 ./Src/EPS.o
                0x0000000008005a84                enable_EPS_Batt_Heater_2
 .text.disable_EPS_Batt_Heater_2
                0x0000000008005a96       0x12 ./Src/EPS.o
                0x0000000008005a96                disable_EPS_Batt_Heater_2
 .text.enable_EPS_Batt_Heater_3
                0x0000000008005aa8       0x12 ./Src/EPS.o
                0x0000000008005aa8                enable_EPS_Batt_Heater_3
 .text.disable_EPS_Batt_Heater_3
                0x0000000008005aba       0x12 ./Src/EPS.o
                0x0000000008005aba                disable_EPS_Batt_Heater_3
 .text.EPS_READ
                0x0000000008005acc       0x54 ./Src/EPS.o
                0x0000000008005acc                EPS_READ
 .text.EPS_WRITE
                0x0000000008005b20       0x44 ./Src/EPS.o
                0x0000000008005b20                EPS_WRITE
 .text.parseCySatPacket
                0x0000000008005b64       0x5a ./Src/GroundStation.o
                0x0000000008005b64                parseCySatPacket
 *fill*         0x0000000008005bbe        0x2 
 .text.sendCySatPacket
                0x0000000008005bc0       0xe0 ./Src/GroundStation.o
                0x0000000008005bc0                sendCySatPacket
 .text.sendErrorPacket
                0x0000000008005ca0       0x4c ./Src/GroundStation.o
                0x0000000008005ca0                sendErrorPacket
 .text.handleCySatPacket
                0x0000000008005cec      0xdf0 ./Src/GroundStation.o
                0x0000000008005cec                handleCySatPacket
 .text.generateCySatChecksum
                0x0000000008006adc       0x6a ./Src/GroundStation.o
                0x0000000008006adc                generateCySatChecksum
 .text.validateCySatChecksum
                0x0000000008006b46       0x78 ./Src/GroundStation.o
                0x0000000008006b46                validateCySatChecksum
 *fill*         0x0000000008006bbe        0x2 
 .text.MX_GPIO_Init
                0x0000000008006bc0       0xc0 ./Src/gpio.o
                0x0000000008006bc0                MX_GPIO_Init
 .text.debug_printf
                0x0000000008006c80       0xcc ./Src/helper_functions.o
                0x0000000008006c80                debug_printf
 .text.FloatToUnsigned16bits
                0x0000000008006d4c       0x54 ./Src/helper_functions.o
                0x0000000008006d4c                FloatToUnsigned16bits
 .text.MX_I2C1_Init
                0x0000000008006da0       0x80 ./Src/i2c.o
                0x0000000008006da0                MX_I2C1_Init
 .text.HAL_I2C_MspInit
                0x0000000008006e20       0xa0 ./Src/i2c.o
                0x0000000008006e20                HAL_I2C_MspInit
 .text.main     0x0000000008006ec0       0xac ./Src/main.o
                0x0000000008006ec0                main
 .text.SystemClock_Config
                0x0000000008006f6c       0xc0 ./Src/main.o
                0x0000000008006f6c                SystemClock_Config
 .text.HAL_UART_RxCpltCallback
                0x000000000800702c       0x74 ./Src/main.o
                0x000000000800702c                HAL_UART_RxCpltCallback
 .text.HAL_I2C_MasterRxCpltCallback
                0x00000000080070a0       0x38 ./Src/main.o
                0x00000000080070a0                HAL_I2C_MasterRxCpltCallback
 .text.Error_Handler
                0x00000000080070d8        0xe ./Src/main.o
                0x00000000080070d8                Error_Handler
 *fill*         0x00000000080070e6        0x2 
 .text.HAL_MspInit
                0x00000000080070e8       0x50 ./Src/stm32f4xx_hal_msp.o
                0x00000000080070e8                HAL_MspInit
 .text.NMI_Handler
                0x0000000008007138        0xe ./Src/stm32f4xx_it.o
                0x0000000008007138                NMI_Handler
 .text.HardFault_Handler
                0x0000000008007146        0x6 ./Src/stm32f4xx_it.o
                0x0000000008007146                HardFault_Handler
 .text.MemManage_Handler
                0x000000000800714c        0x6 ./Src/stm32f4xx_it.o
                0x000000000800714c                MemManage_Handler
 .text.BusFault_Handler
                0x0000000008007152        0x6 ./Src/stm32f4xx_it.o
                0x0000000008007152                BusFault_Handler
 .text.UsageFault_Handler
                0x0000000008007158        0x6 ./Src/stm32f4xx_it.o
                0x0000000008007158                UsageFault_Handler
 .text.SVC_Handler
                0x000000000800715e        0xe ./Src/stm32f4xx_it.o
                0x000000000800715e                SVC_Handler
 .text.DebugMon_Handler
                0x000000000800716c        0xe ./Src/stm32f4xx_it.o
                0x000000000800716c                DebugMon_Handler
 .text.PendSV_Handler
                0x000000000800717a        0xe ./Src/stm32f4xx_it.o
                0x000000000800717a                PendSV_Handler
 .text.SysTick_Handler
                0x0000000008007188        0xc ./Src/stm32f4xx_it.o
                0x0000000008007188                SysTick_Handler
 .text.I2C1_EV_IRQHandler
                0x0000000008007194       0x14 ./Src/stm32f4xx_it.o
                0x0000000008007194                I2C1_EV_IRQHandler
 .text.USART1_IRQHandler
                0x00000000080071a8       0x14 ./Src/stm32f4xx_it.o
                0x00000000080071a8                USART1_IRQHandler
 .text.USART6_IRQHandler
                0x00000000080071bc       0x14 ./Src/stm32f4xx_it.o
                0x00000000080071bc                USART6_IRQHandler
 .text._sbrk    0x00000000080071d0       0x6c ./Src/sysmem.o
                0x00000000080071d0                _sbrk
 .text.SystemInit
                0x000000000800723c       0x2c ./Src/system_stm32f4xx.o
                0x000000000800723c                SystemInit
 .text.MX_USART1_UART_Init
                0x0000000008007268       0x54 ./Src/usart.o
                0x0000000008007268                MX_USART1_UART_Init
 .text.MX_USART6_UART_Init
                0x00000000080072bc       0x54 ./Src/usart.o
                0x00000000080072bc                MX_USART6_UART_Init
 .text.HAL_UART_MspInit
                0x0000000008007310      0x11c ./Src/usart.o
                0x0000000008007310                HAL_UART_MspInit
 .text.Reset_Handler
                0x000000000800742c       0x50 ./Startup/startup_stm32f429zitx.o
                0x000000000800742c                Reset_Handler
 .text.Default_Handler
                0x000000000800747c        0x2 ./Startup/startup_stm32f429zitx.o
                0x000000000800747c                RTC_Alarm_IRQHandler
                0x000000000800747c                HASH_RNG_IRQHandler
                0x000000000800747c                EXTI2_IRQHandler
                0x000000000800747c                TIM8_CC_IRQHandler
                0x000000000800747c                UART8_IRQHandler
                0x000000000800747c                SPI4_IRQHandler
                0x000000000800747c                TIM1_CC_IRQHandler
                0x000000000800747c                DMA2_Stream5_IRQHandler
                0x000000000800747c                DMA1_Stream5_IRQHandler
                0x000000000800747c                PVD_IRQHandler
                0x000000000800747c                SDIO_IRQHandler
                0x000000000800747c                TAMP_STAMP_IRQHandler
                0x000000000800747c                CAN2_RX1_IRQHandler
                0x000000000800747c                EXTI3_IRQHandler
                0x000000000800747c                TIM8_TRG_COM_TIM14_IRQHandler
                0x000000000800747c                TIM1_UP_TIM10_IRQHandler
                0x000000000800747c                TIM8_UP_TIM13_IRQHandler
                0x000000000800747c                I2C3_ER_IRQHandler
                0x000000000800747c                EXTI0_IRQHandler
                0x000000000800747c                I2C2_EV_IRQHandler
                0x000000000800747c                DMA1_Stream2_IRQHandler
                0x000000000800747c                CAN1_RX0_IRQHandler
                0x000000000800747c                FPU_IRQHandler
                0x000000000800747c                OTG_HS_WKUP_IRQHandler
                0x000000000800747c                LTDC_ER_IRQHandler
                0x000000000800747c                CAN2_SCE_IRQHandler
                0x000000000800747c                DMA2_Stream2_IRQHandler
                0x000000000800747c                SPI1_IRQHandler
                0x000000000800747c                TIM6_DAC_IRQHandler
                0x000000000800747c                TIM1_BRK_TIM9_IRQHandler
                0x000000000800747c                DCMI_IRQHandler
                0x000000000800747c                CAN2_RX0_IRQHandler
                0x000000000800747c                DMA2_Stream3_IRQHandler
                0x000000000800747c                USART3_IRQHandler
                0x000000000800747c                CAN1_RX1_IRQHandler
                0x000000000800747c                UART5_IRQHandler
                0x000000000800747c                DMA2_Stream0_IRQHandler
                0x000000000800747c                TIM4_IRQHandler
                0x000000000800747c                DMA1_Stream6_IRQHandler
                0x000000000800747c                DMA1_Stream1_IRQHandler
                0x000000000800747c                UART4_IRQHandler
                0x000000000800747c                TIM3_IRQHandler
                0x000000000800747c                RCC_IRQHandler
                0x000000000800747c                TIM8_BRK_TIM12_IRQHandler
                0x000000000800747c                Default_Handler
                0x000000000800747c                EXTI15_10_IRQHandler
                0x000000000800747c                ADC_IRQHandler
                0x000000000800747c                DMA1_Stream7_IRQHandler
                0x000000000800747c                SPI5_IRQHandler
                0x000000000800747c                TIM7_IRQHandler
                0x000000000800747c                CAN2_TX_IRQHandler
                0x000000000800747c                TIM5_IRQHandler
                0x000000000800747c                DMA2_Stream7_IRQHandler
                0x000000000800747c                I2C3_EV_IRQHandler
                0x000000000800747c                EXTI9_5_IRQHandler
                0x000000000800747c                RTC_WKUP_IRQHandler
                0x000000000800747c                LTDC_IRQHandler
                0x000000000800747c                ETH_WKUP_IRQHandler
                0x000000000800747c                SPI2_IRQHandler
                0x000000000800747c                OTG_HS_EP1_IN_IRQHandler
                0x000000000800747c                DMA1_Stream0_IRQHandler
                0x000000000800747c                CAN1_TX_IRQHandler
                0x000000000800747c                EXTI4_IRQHandler
                0x000000000800747c                ETH_IRQHandler
                0x000000000800747c                OTG_HS_EP1_OUT_IRQHandler
                0x000000000800747c                WWDG_IRQHandler
                0x000000000800747c                SPI6_IRQHandler
                0x000000000800747c                TIM2_IRQHandler
                0x000000000800747c                OTG_FS_WKUP_IRQHandler
                0x000000000800747c                TIM1_TRG_COM_TIM11_IRQHandler
                0x000000000800747c                OTG_HS_IRQHandler
                0x000000000800747c                DMA2D_IRQHandler
                0x000000000800747c                EXTI1_IRQHandler
                0x000000000800747c                UART7_IRQHandler
                0x000000000800747c                USART2_IRQHandler
                0x000000000800747c                I2C2_ER_IRQHandler
                0x000000000800747c                DMA2_Stream1_IRQHandler
                0x000000000800747c                CAN1_SCE_IRQHandler
                0x000000000800747c                FLASH_IRQHandler
                0x000000000800747c                DMA2_Stream4_IRQHandler
                0x000000000800747c                OTG_FS_IRQHandler
                0x000000000800747c                SPI3_IRQHandler
                0x000000000800747c                DMA1_Stream4_IRQHandler
                0x000000000800747c                I2C1_ER_IRQHandler
                0x000000000800747c                FMC_IRQHandler
                0x000000000800747c                DMA2_Stream6_IRQHandler
                0x000000000800747c                SAI1_IRQHandler
                0x000000000800747c                DMA1_Stream3_IRQHandler
 *fill*         0x000000000800747e        0x2 
 .text.__errno  0x0000000008007480        0xc c:/st/stm32cubeide_1.10.1/stm32cubeide/plugins/com.st.stm32cube.ide.mcu.externaltools.gnu-tools-for-stm32.10.3-2021.10.win32_1.0.0.202111181127/tools/bin/../lib/gcc/arm-none-eabi/10.3.1/../../../../arm-none-eabi/lib/thumb/v7e-m+fp/hard\libc_nano.a(lib_a-errno.o)
                0x0000000008007480                __errno
 .text.__libc_init_array
                0x000000000800748c       0x48 c:/st/stm32cubeide_1.10.1/stm32cubeide/plugins/com.st.stm32cube.ide.mcu.externaltools.gnu-tools-for-stm32.10.3-2021.10.win32_1.0.0.202111181127/tools/bin/../lib/gcc/arm-none-eabi/10.3.1/../../../../arm-none-eabi/lib/thumb/v7e-m+fp/hard\libc_nano.a(lib_a-init.o)
                0x000000000800748c                __libc_init_array
 .text.malloc   0x00000000080074d4       0x10 c:/st/stm32cubeide_1.10.1/stm32cubeide/plugins/com.st.stm32cube.ide.mcu.externaltools.gnu-tools-for-stm32.10.3-2021.10.win32_1.0.0.202111181127/tools/bin/../lib/gcc/arm-none-eabi/10.3.1/../../../../arm-none-eabi/lib/thumb/v7e-m+fp/hard\libc_nano.a(lib_a-malloc.o)
                0x00000000080074d4                malloc
 .text.free     0x00000000080074e4       0x10 c:/st/stm32cubeide_1.10.1/stm32cubeide/plugins/com.st.stm32cube.ide.mcu.externaltools.gnu-tools-for-stm32.10.3-2021.10.win32_1.0.0.202111181127/tools/bin/../lib/gcc/arm-none-eabi/10.3.1/../../../../arm-none-eabi/lib/thumb/v7e-m+fp/hard\libc_nano.a(lib_a-malloc.o)
                0x00000000080074e4                free
 .text.memcpy   0x00000000080074f4       0x1c c:/st/stm32cubeide_1.10.1/stm32cubeide/plugins/com.st.stm32cube.ide.mcu.externaltools.gnu-tools-for-stm32.10.3-2021.10.win32_1.0.0.202111181127/tools/bin/../lib/gcc/arm-none-eabi/10.3.1/../../../../arm-none-eabi/lib/thumb/v7e-m+fp/hard\libc_nano.a(lib_a-memcpy-stub.o)
                0x00000000080074f4                memcpy
 .text.memset   0x0000000008007510       0x10 c:/st/stm32cubeide_1.10.1/stm32cubeide/plugins/com.st.stm32cube.ide.mcu.externaltools.gnu-tools-for-stm32.10.3-2021.10.win32_1.0.0.202111181127/tools/bin/../lib/gcc/arm-none-eabi/10.3.1/../../../../arm-none-eabi/lib/thumb/v7e-m+fp/hard\libc_nano.a(lib_a-memset.o)
                0x0000000008007510                memset
 .text._free_r  0x0000000008007520       0x98 c:/st/stm32cubeide_1.10.1/stm32cubeide/plugins/com.st.stm32cube.ide.mcu.externaltools.gnu-tools-for-stm32.10.3-2021.10.win32_1.0.0.202111181127/tools/bin/../lib/gcc/arm-none-eabi/10.3.1/../../../../arm-none-eabi/lib/thumb/v7e-m+fp/hard\libc_nano.a(lib_a-nano-freer.o)
                0x0000000008007520                _free_r
 .text.sbrk_aligned
                0x00000000080075b8       0x40 c:/st/stm32cubeide_1.10.1/stm32cubeide/plugins/com.st.stm32cube.ide.mcu.externaltools.gnu-tools-for-stm32.10.3-2021.10.win32_1.0.0.202111181127/tools/bin/../lib/gcc/arm-none-eabi/10.3.1/../../../../arm-none-eabi/lib/thumb/v7e-m+fp/hard\libc_nano.a(lib_a-nano-mallocr.o)
 .text._malloc_r
                0x00000000080075f8       0xe8 c:/st/stm32cubeide_1.10.1/stm32cubeide/plugins/com.st.stm32cube.ide.mcu.externaltools.gnu-tools-for-stm32.10.3-2021.10.win32_1.0.0.202111181127/tools/bin/../lib/gcc/arm-none-eabi/10.3.1/../../../../arm-none-eabi/lib/thumb/v7e-m+fp/hard\libc_nano.a(lib_a-nano-mallocr.o)
                0x00000000080075f8                _malloc_r
 .text._sbrk_r  0x00000000080076e0       0x20 c:/st/stm32cubeide_1.10.1/stm32cubeide/plugins/com.st.stm32cube.ide.mcu.externaltools.gnu-tools-for-stm32.10.3-2021.10.win32_1.0.0.202111181127/tools/bin/../lib/gcc/arm-none-eabi/10.3.1/../../../../arm-none-eabi/lib/thumb/v7e-m+fp/hard\libc_nano.a(lib_a-sbrkr.o)
                0x00000000080076e0                _sbrk_r
 .text._vsnprintf_r
                0x0000000008007700       0x56 c:/st/stm32cubeide_1.10.1/stm32cubeide/plugins/com.st.stm32cube.ide.mcu.externaltools.gnu-tools-for-stm32.10.3-2021.10.win32_1.0.0.202111181127/tools/bin/../lib/gcc/arm-none-eabi/10.3.1/../../../../arm-none-eabi/lib/thumb/v7e-m+fp/hard\libc_nano.a(lib_a-vsnprintf.o)
                0x0000000008007700                _vsniprintf_r
                0x0000000008007700                _vsnprintf_r
 *fill*         0x0000000008007756        0x2 
 .text.vsnprintf
                0x0000000008007758       0x1c c:/st/stm32cubeide_1.10.1/stm32cubeide/plugins/com.st.stm32cube.ide.mcu.externaltools.gnu-tools-for-stm32.10.3-2021.10.win32_1.0.0.202111181127/tools/bin/../lib/gcc/arm-none-eabi/10.3.1/../../../../arm-none-eabi/lib/thumb/v7e-m+fp/hard\libc_nano.a(lib_a-vsnprintf.o)
                0x0000000008007758                vsniprintf
                0x0000000008007758                vsnprintf
 .text.__malloc_lock
                0x0000000008007774        0xc c:/st/stm32cubeide_1.10.1/stm32cubeide/plugins/com.st.stm32cube.ide.mcu.externaltools.gnu-tools-for-stm32.10.3-2021.10.win32_1.0.0.202111181127/tools/bin/../lib/gcc/arm-none-eabi/10.3.1/../../../../arm-none-eabi/lib/thumb/v7e-m+fp/hard\libc_nano.a(lib_a-mlock.o)
                0x0000000008007774                __malloc_lock
 .text.__malloc_unlock
                0x0000000008007780        0xc c:/st/stm32cubeide_1.10.1/stm32cubeide/plugins/com.st.stm32cube.ide.mcu.externaltools.gnu-tools-for-stm32.10.3-2021.10.win32_1.0.0.202111181127/tools/bin/../lib/gcc/arm-none-eabi/10.3.1/../../../../arm-none-eabi/lib/thumb/v7e-m+fp/hard\libc_nano.a(lib_a-mlock.o)
                0x0000000008007780                __malloc_unlock
 .text.__ssputs_r
                0x000000000800778c       0xb6 c:/st/stm32cubeide_1.10.1/stm32cubeide/plugins/com.st.stm32cube.ide.mcu.externaltools.gnu-tools-for-stm32.10.3-2021.10.win32_1.0.0.202111181127/tools/bin/../lib/gcc/arm-none-eabi/10.3.1/../../../../arm-none-eabi/lib/thumb/v7e-m+fp/hard\libc_nano.a(lib_a-nano-svfprintf.o)
                0x000000000800778c                __ssputs_r
 *fill*         0x0000000008007842        0x2 
 .text._svfprintf_r
                0x0000000008007844      0x200 c:/st/stm32cubeide_1.10.1/stm32cubeide/plugins/com.st.stm32cube.ide.mcu.externaltools.gnu-tools-for-stm32.10.3-2021.10.win32_1.0.0.202111181127/tools/bin/../lib/gcc/arm-none-eabi/10.3.1/../../../../arm-none-eabi/lib/thumb/v7e-m+fp/hard\libc_nano.a(lib_a-nano-svfprintf.o)
                0x0000000008007844                _svfiprintf_r
                0x0000000008007844                _svfprintf_r
 .text._printf_common
                0x0000000008007a44       0xda c:/st/stm32cubeide_1.10.1/stm32cubeide/plugins/com.st.stm32cube.ide.mcu.externaltools.gnu-tools-for-stm32.10.3-2021.10.win32_1.0.0.202111181127/tools/bin/../lib/gcc/arm-none-eabi/10.3.1/../../../../arm-none-eabi/lib/thumb/v7e-m+fp/hard\libc_nano.a(lib_a-nano-vfprintf_i.o)
                0x0000000008007a44                _printf_common
 *fill*         0x0000000008007b1e        0x2 
 .text._printf_i
                0x0000000008007b20      0x24c c:/st/stm32cubeide_1.10.1/stm32cubeide/plugins/com.st.stm32cube.ide.mcu.externaltools.gnu-tools-for-stm32.10.3-2021.10.win32_1.0.0.202111181127/tools/bin/../lib/gcc/arm-none-eabi/10.3.1/../../../../arm-none-eabi/lib/thumb/v7e-m+fp/hard\libc_nano.a(lib_a-nano-vfprintf_i.o)
                0x0000000008007b20                _printf_i
 .text.__retarget_lock_acquire_recursive
                0x0000000008007d6c        0x2 c:/st/stm32cubeide_1.10.1/stm32cubeide/plugins/com.st.stm32cube.ide.mcu.externaltools.gnu-tools-for-stm32.10.3-2021.10.win32_1.0.0.202111181127/tools/bin/../lib/gcc/arm-none-eabi/10.3.1/../../../../arm-none-eabi/lib/thumb/v7e-m+fp/hard\libc_nano.a(lib_a-lock.o)
                0x0000000008007d6c                __retarget_lock_acquire_recursive
 .text.__retarget_lock_release_recursive
                0x0000000008007d6e        0x2 c:/st/stm32cubeide_1.10.1/stm32cubeide/plugins/com.st.stm32cube.ide.mcu.externaltools.gnu-tools-for-stm32.10.3-2021.10.win32_1.0.0.202111181127/tools/bin/../lib/gcc/arm-none-eabi/10.3.1/../../../../arm-none-eabi/lib/thumb/v7e-m+fp/hard\libc_nano.a(lib_a-lock.o)
                0x0000000008007d6e                __retarget_lock_release_recursive
 .text.memmove  0x0000000008007d70       0x34 c:/st/stm32cubeide_1.10.1/stm32cubeide/plugins/com.st.stm32cube.ide.mcu.externaltools.gnu-tools-for-stm32.10.3-2021.10.win32_1.0.0.202111181127/tools/bin/../lib/gcc/arm-none-eabi/10.3.1/../../../../arm-none-eabi/lib/thumb/v7e-m+fp/hard\libc_nano.a(lib_a-memmove.o)
                0x0000000008007d70                memmove
 .text._realloc_r
                0x0000000008007da4       0x5e c:/st/stm32cubeide_1.10.1/stm32cubeide/plugins/com.st.stm32cube.ide.mcu.externaltools.gnu-tools-for-stm32.10.3-2021.10.win32_1.0.0.202111181127/tools/bin/../lib/gcc/arm-none-eabi/10.3.1/../../../../arm-none-eabi/lib/thumb/v7e-m+fp/hard\libc_nano.a(lib_a-nano-reallocr.o)
                0x0000000008007da4                _realloc_r
 .text._malloc_usable_size_r
                0x0000000008007e02       0x10 c:/st/stm32cubeide_1.10.1/stm32cubeide/plugins/com.st.stm32cube.ide.mcu.externaltools.gnu-tools-for-stm32.10.3-2021.10.win32_1.0.0.202111181127/tools/bin/../lib/gcc/arm-none-eabi/10.3.1/../../../../arm-none-eabi/lib/thumb/v7e-m+fp/hard\libc_nano.a(lib_a-nano-msizer.o)
                0x0000000008007e02                _malloc_usable_size_r
 *(.glue_7)
 .glue_7        0x0000000008007e12        0x0 linker stubs
 *(.glue_7t)
 .glue_7t       0x0000000008007e12        0x0 linker stubs
 *(.eh_frame)
 *fill*         0x0000000008007e12        0x2 
 .eh_frame      0x0000000008007e14        0x0 c:/st/stm32cubeide_1.10.1/stm32cubeide/plugins/com.st.stm32cube.ide.mcu.externaltools.gnu-tools-for-stm32.10.3-2021.10.win32_1.0.0.202111181127/tools/bin/../lib/gcc/arm-none-eabi/10.3.1/thumb/v7e-m+fp/hard/crtbegin.o
 *(.init)
 .init          0x0000000008007e14        0x4 c:/st/stm32cubeide_1.10.1/stm32cubeide/plugins/com.st.stm32cube.ide.mcu.externaltools.gnu-tools-for-stm32.10.3-2021.10.win32_1.0.0.202111181127/tools/bin/../lib/gcc/arm-none-eabi/10.3.1/thumb/v7e-m+fp/hard/crti.o
                0x0000000008007e14                _init
 .init          0x0000000008007e18        0x8 c:/st/stm32cubeide_1.10.1/stm32cubeide/plugins/com.st.stm32cube.ide.mcu.externaltools.gnu-tools-for-stm32.10.3-2021.10.win32_1.0.0.202111181127/tools/bin/../lib/gcc/arm-none-eabi/10.3.1/thumb/v7e-m+fp/hard/crtn.o
 *(.fini)
 .fini          0x0000000008007e20        0x4 c:/st/stm32cubeide_1.10.1/stm32cubeide/plugins/com.st.stm32cube.ide.mcu.externaltools.gnu-tools-for-stm32.10.3-2021.10.win32_1.0.0.202111181127/tools/bin/../lib/gcc/arm-none-eabi/10.3.1/thumb/v7e-m+fp/hard/crti.o
                0x0000000008007e20                _fini
 .fini          0x0000000008007e24        0x8 c:/st/stm32cubeide_1.10.1/stm32cubeide/plugins/com.st.stm32cube.ide.mcu.externaltools.gnu-tools-for-stm32.10.3-2021.10.win32_1.0.0.202111181127/tools/bin/../lib/gcc/arm-none-eabi/10.3.1/thumb/v7e-m+fp/hard/crtn.o
                0x0000000008007e2c                . = ALIGN (0x4)
                0x0000000008007e2c                _etext = .

.vfp11_veneer   0x0000000008007e2c        0x0
 .vfp11_veneer  0x0000000008007e2c        0x0 linker stubs

.v4_bx          0x0000000008007e2c        0x0
 .v4_bx         0x0000000008007e2c        0x0 linker stubs

.iplt           0x0000000008007e2c        0x0
 .iplt          0x0000000008007e2c        0x0 c:/st/stm32cubeide_1.10.1/stm32cubeide/plugins/com.st.stm32cube.ide.mcu.externaltools.gnu-tools-for-stm32.10.3-2021.10.win32_1.0.0.202111181127/tools/bin/../lib/gcc/arm-none-eabi/10.3.1/thumb/v7e-m+fp/hard/crtbegin.o

.rodata         0x0000000008007e2c       0xd4
                0x0000000008007e2c                . = ALIGN (0x4)
 *(.rodata)
 .rodata        0x0000000008007e2c       0x5c ./Src/helper_functions.o
 .rodata        0x0000000008007e88       0x2c ./Src/main.o
 *(.rodata*)
 .rodata.AHBPrescTable
                0x0000000008007eb4       0x10 ./Src/system_stm32f4xx.o
                0x0000000008007eb4                AHBPrescTable
 .rodata.APBPrescTable
                0x0000000008007ec4        0x8 ./Src/system_stm32f4xx.o
                0x0000000008007ec4                APBPrescTable
 .rodata._svfprintf_r.str1.1
                0x0000000008007ecc       0x11 c:/st/stm32cubeide_1.10.1/stm32cubeide/plugins/com.st.stm32cube.ide.mcu.externaltools.gnu-tools-for-stm32.10.3-2021.10.win32_1.0.0.202111181127/tools/bin/../lib/gcc/arm-none-eabi/10.3.1/../../../../arm-none-eabi/lib/thumb/v7e-m+fp/hard\libc_nano.a(lib_a-nano-svfprintf.o)
 .rodata._printf_i.str1.1
                0x0000000008007edd       0x22 c:/st/stm32cubeide_1.10.1/stm32cubeide/plugins/com.st.stm32cube.ide.mcu.externaltools.gnu-tools-for-stm32.10.3-2021.10.win32_1.0.0.202111181127/tools/bin/../lib/gcc/arm-none-eabi/10.3.1/../../../../arm-none-eabi/lib/thumb/v7e-m+fp/hard\libc_nano.a(lib_a-nano-vfprintf_i.o)
                0x0000000008007f00                . = ALIGN (0x4)
 *fill*         0x0000000008007eff        0x1 

.ARM.extab      0x0000000008007f00        0x0
                0x0000000008007f00                . = ALIGN (0x4)
 *(.ARM.extab* .gnu.linkonce.armextab.*)
                0x0000000008007f00                . = ALIGN (0x4)

.ARM            0x0000000008007f00        0x8
                0x0000000008007f00                . = ALIGN (0x4)
                0x0000000008007f00                __exidx_start = .
 *(.ARM.exidx*)
 .ARM.exidx     0x0000000008007f00        0x8 c:/st/stm32cubeide_1.10.1/stm32cubeide/plugins/com.st.stm32cube.ide.mcu.externaltools.gnu-tools-for-stm32.10.3-2021.10.win32_1.0.0.202111181127/tools/bin/../lib/gcc/arm-none-eabi/10.3.1/thumb/v7e-m+fp/hard\libgcc.a(_udivmoddi4.o)
                0x0000000008007f08                __exidx_end = .
                0x0000000008007f08                . = ALIGN (0x4)

.rel.dyn        0x0000000008007f08        0x0
 .rel.iplt      0x0000000008007f08        0x0 c:/st/stm32cubeide_1.10.1/stm32cubeide/plugins/com.st.stm32cube.ide.mcu.externaltools.gnu-tools-for-stm32.10.3-2021.10.win32_1.0.0.202111181127/tools/bin/../lib/gcc/arm-none-eabi/10.3.1/thumb/v7e-m+fp/hard/crtbegin.o

.preinit_array  0x0000000008007f08        0x0
                0x0000000008007f08                . = ALIGN (0x4)
                0x0000000008007f08                PROVIDE (__preinit_array_start = .)
 *(.preinit_array*)
                0x0000000008007f08                PROVIDE (__preinit_array_end = .)
                0x0000000008007f08                . = ALIGN (0x4)

.init_array     0x0000000008007f08        0x4
                0x0000000008007f08                . = ALIGN (0x4)
                0x0000000008007f08                PROVIDE (__init_array_start = .)
 *(SORT_BY_NAME(.init_array.*))
 *(.init_array*)
 .init_array    0x0000000008007f08        0x4 c:/st/stm32cubeide_1.10.1/stm32cubeide/plugins/com.st.stm32cube.ide.mcu.externaltools.gnu-tools-for-stm32.10.3-2021.10.win32_1.0.0.202111181127/tools/bin/../lib/gcc/arm-none-eabi/10.3.1/thumb/v7e-m+fp/hard/crtbegin.o
                0x0000000008007f0c                PROVIDE (__init_array_end = .)
                0x0000000008007f0c                . = ALIGN (0x4)

.fini_array     0x0000000008007f0c        0x4
                0x0000000008007f0c                . = ALIGN (0x4)
                [!provide]                        PROVIDE (__fini_array_start = .)
 *(SORT_BY_NAME(.fini_array.*))
 *(.fini_array*)
 .fini_array    0x0000000008007f0c        0x4 c:/st/stm32cubeide_1.10.1/stm32cubeide/plugins/com.st.stm32cube.ide.mcu.externaltools.gnu-tools-for-stm32.10.3-2021.10.win32_1.0.0.202111181127/tools/bin/../lib/gcc/arm-none-eabi/10.3.1/thumb/v7e-m+fp/hard/crtbegin.o
                [!provide]                        PROVIDE (__fini_array_end = .)
                0x0000000008007f10                . = ALIGN (0x4)
                0x0000000008007f10                _sidata = LOADADDR (.data)

.data           0x0000000020000000       0x74 load address 0x0000000008007f10
                0x0000000020000000                . = ALIGN (0x4)
                0x0000000020000000                _sdata = .
 *(.data)
 *(.data*)
 .data.uwTickPrio
                0x0000000020000000        0x4 ./Drivers/STM32F4xx_HAL_Driver/Src/stm32f4xx_hal.o
                0x0000000020000000                uwTickPrio
 .data.uwTickFreq
                0x0000000020000004        0x1 ./Drivers/STM32F4xx_HAL_Driver/Src/stm32f4xx_hal.o
                0x0000000020000004                uwTickFreq
 *fill*         0x0000000020000005        0x3 
 .data.data_echo
                0x0000000020000008        0x2 ./Src/main.o
                0x0000000020000008                data_echo
 *fill*         0x000000002000000a        0x2 
 .data.SystemCoreClock
                0x000000002000000c        0x4 ./Src/system_stm32f4xx.o
                0x000000002000000c                SystemCoreClock
 .data._impure_ptr
                0x0000000020000010        0x4 c:/st/stm32cubeide_1.10.1/stm32cubeide/plugins/com.st.stm32cube.ide.mcu.externaltools.gnu-tools-for-stm32.10.3-2021.10.win32_1.0.0.202111181127/tools/bin/../lib/gcc/arm-none-eabi/10.3.1/../../../../arm-none-eabi/lib/thumb/v7e-m+fp/hard\libc_nano.a(lib_a-impure.o)
                0x0000000020000010                _impure_ptr
 .data.impure_data
                0x0000000020000014       0x60 c:/st/stm32cubeide_1.10.1/stm32cubeide/plugins/com.st.stm32cube.ide.mcu.externaltools.gnu-tools-for-stm32.10.3-2021.10.win32_1.0.0.202111181127/tools/bin/../lib/gcc/arm-none-eabi/10.3.1/../../../../arm-none-eabi/lib/thumb/v7e-m+fp/hard\libc_nano.a(lib_a-impure.o)
                0x0000000020000074                . = ALIGN (0x4)
                0x0000000020000074                _edata = .

.igot.plt       0x0000000020000074        0x0 load address 0x0000000008007f84
 .igot.plt      0x0000000020000074        0x0 c:/st/stm32cubeide_1.10.1/stm32cubeide/plugins/com.st.stm32cube.ide.mcu.externaltools.gnu-tools-for-stm32.10.3-2021.10.win32_1.0.0.202111181127/tools/bin/../lib/gcc/arm-none-eabi/10.3.1/thumb/v7e-m+fp/hard/crtbegin.o
                0x0000000020000074                . = ALIGN (0x4)

.bss            0x0000000020000074      0x118 load address 0x0000000008007f84
                0x0000000020000074                _sbss = .
                0x0000000020000074                __bss_start__ = _sbss
 *(.bss)
 .bss           0x0000000020000074       0x1c c:/st/stm32cubeide_1.10.1/stm32cubeide/plugins/com.st.stm32cube.ide.mcu.externaltools.gnu-tools-for-stm32.10.3-2021.10.win32_1.0.0.202111181127/tools/bin/../lib/gcc/arm-none-eabi/10.3.1/thumb/v7e-m+fp/hard/crtbegin.o
 *(.bss*)
 .bss.uwTick    0x0000000020000090        0x4 ./Drivers/STM32F4xx_HAL_Driver/Src/stm32f4xx_hal.o
                0x0000000020000090                uwTick
 .bss.hi2c1     0x0000000020000094       0x54 ./Src/i2c.o
                0x0000000020000094                hi2c1
 .bss.SatFlags  0x00000000200000e8        0x4 ./Src/main.o
                0x00000000200000e8                SatFlags
 .bss.GroundStationRxBuffer
                0x00000000200000ec        0x7 ./Src/main.o
                0x00000000200000ec                GroundStationRxBuffer
 *fill*         0x00000000200000f3        0x1 
 .bss.GroundStationRxDataLength
                0x00000000200000f4        0x4 ./Src/main.o
                0x00000000200000f4                GroundStationRxDataLength
 .bss.__sbrk_heap_end
                0x00000000200000f8        0x4 ./Src/sysmem.o
 .bss.huart1    0x00000000200000fc       0x40 ./Src/usart.o
                0x00000000200000fc                huart1
 .bss.huart6    0x000000002000013c       0x40 ./Src/usart.o
                0x000000002000013c                huart6
 .bss.__malloc_free_list
                0x000000002000017c        0x4 c:/st/stm32cubeide_1.10.1/stm32cubeide/plugins/com.st.stm32cube.ide.mcu.externaltools.gnu-tools-for-stm32.10.3-2021.10.win32_1.0.0.202111181127/tools/bin/../lib/gcc/arm-none-eabi/10.3.1/../../../../arm-none-eabi/lib/thumb/v7e-m+fp/hard\libc_nano.a(lib_a-nano-mallocr.o)
                0x000000002000017c                __malloc_free_list
 .bss.__malloc_sbrk_start
                0x0000000020000180        0x4 c:/st/stm32cubeide_1.10.1/stm32cubeide/plugins/com.st.stm32cube.ide.mcu.externaltools.gnu-tools-for-stm32.10.3-2021.10.win32_1.0.0.202111181127/tools/bin/../lib/gcc/arm-none-eabi/10.3.1/../../../../arm-none-eabi/lib/thumb/v7e-m+fp/hard\libc_nano.a(lib_a-nano-mallocr.o)
                0x0000000020000180                __malloc_sbrk_start
 .bss.errno     0x0000000020000184        0x4 c:/st/stm32cubeide_1.10.1/stm32cubeide/plugins/com.st.stm32cube.ide.mcu.externaltools.gnu-tools-for-stm32.10.3-2021.10.win32_1.0.0.202111181127/tools/bin/../lib/gcc/arm-none-eabi/10.3.1/../../../../arm-none-eabi/lib/thumb/v7e-m+fp/hard\libc_nano.a(lib_a-reent.o)
                0x0000000020000184                errno
 .bss.__lock___malloc_recursive_mutex
                0x0000000020000188        0x1 c:/st/stm32cubeide_1.10.1/stm32cubeide/plugins/com.st.stm32cube.ide.mcu.externaltools.gnu-tools-for-stm32.10.3-2021.10.win32_1.0.0.202111181127/tools/bin/../lib/gcc/arm-none-eabi/10.3.1/../../../../arm-none-eabi/lib/thumb/v7e-m+fp/hard\libc_nano.a(lib_a-lock.o)
                0x0000000020000188                __lock___malloc_recursive_mutex
 *(COMMON)
                0x000000002000018c                . = ALIGN (0x4)
 *fill*         0x0000000020000189        0x3 
                0x000000002000018c                _ebss = .
                0x000000002000018c                __bss_end__ = _ebss

._user_heap_stack
                0x000000002000018c      0x604 load address 0x0000000008007f84
                0x0000000020000190                . = ALIGN (0x8)
 *fill*         0x000000002000018c        0x4 
                [!provide]                        PROVIDE (end = .)
                0x0000000020000190                PROVIDE (_end = .)
                0x0000000020000390                . = (. + _Min_Heap_Size)
 *fill*         0x0000000020000190      0x200 
                0x0000000020000790                . = (. + _Min_Stack_Size)
 *fill*         0x0000000020000390      0x400 
                0x0000000020000790                . = ALIGN (0x8)

/DISCARD/
 libc.a(*)
 libm.a(*)
 libgcc.a(*)

.ARM.attributes
                0x0000000000000000       0x30
 *(.ARM.attributes)
 .ARM.attributes
                0x0000000000000000       0x1e c:/st/stm32cubeide_1.10.1/stm32cubeide/plugins/com.st.stm32cube.ide.mcu.externaltools.gnu-tools-for-stm32.10.3-2021.10.win32_1.0.0.202111181127/tools/bin/../lib/gcc/arm-none-eabi/10.3.1/thumb/v7e-m+fp/hard/crti.o
 .ARM.attributes
                0x000000000000001e       0x34 c:/st/stm32cubeide_1.10.1/stm32cubeide/plugins/com.st.stm32cube.ide.mcu.externaltools.gnu-tools-for-stm32.10.3-2021.10.win32_1.0.0.202111181127/tools/bin/../lib/gcc/arm-none-eabi/10.3.1/thumb/v7e-m+fp/hard/crtbegin.o
 .ARM.attributes
                0x0000000000000052       0x34 ./Drivers/STM32F4xx_HAL_Driver/Src/stm32f4xx_hal.o
 .ARM.attributes
                0x0000000000000086       0x34 ./Drivers/STM32F4xx_HAL_Driver/Src/stm32f4xx_hal_cortex.o
 .ARM.attributes
                0x00000000000000ba       0x34 ./Drivers/STM32F4xx_HAL_Driver/Src/stm32f4xx_hal_dma.o
 .ARM.attributes
                0x00000000000000ee       0x34 ./Drivers/STM32F4xx_HAL_Driver/Src/stm32f4xx_hal_gpio.o
 .ARM.attributes
                0x0000000000000122       0x34 ./Drivers/STM32F4xx_HAL_Driver/Src/stm32f4xx_hal_i2c.o
 .ARM.attributes
                0x0000000000000156       0x34 ./Drivers/STM32F4xx_HAL_Driver/Src/stm32f4xx_hal_i2c_ex.o
 .ARM.attributes
                0x000000000000018a       0x34 ./Drivers/STM32F4xx_HAL_Driver/Src/stm32f4xx_hal_rcc.o
 .ARM.attributes
                0x00000000000001be       0x34 ./Drivers/STM32F4xx_HAL_Driver/Src/stm32f4xx_hal_uart.o
 .ARM.attributes
                0x00000000000001f2       0x34 ./Src/EPS.o
 .ARM.attributes
                0x0000000000000226       0x34 ./Src/GroundStation.o
 .ARM.attributes
                0x000000000000025a       0x34 ./Src/gpio.o
 .ARM.attributes
                0x000000000000028e       0x34 ./Src/helper_functions.o
 .ARM.attributes
                0x00000000000002c2       0x34 ./Src/i2c.o
 .ARM.attributes
                0x00000000000002f6       0x34 ./Src/main.o
 .ARM.attributes
                0x000000000000032a       0x34 ./Src/stm32f4xx_hal_msp.o
 .ARM.attributes
                0x000000000000035e       0x34 ./Src/stm32f4xx_it.o
 .ARM.attributes
                0x0000000000000392       0x34 ./Src/sysmem.o
 .ARM.attributes
                0x00000000000003c6       0x34 ./Src/system_stm32f4xx.o
 .ARM.attributes
                0x00000000000003fa       0x34 ./Src/usart.o
 .ARM.attributes
                0x000000000000042e       0x21 ./Startup/startup_stm32f429zitx.o
 .ARM.attributes
                0x000000000000044f       0x34 c:/st/stm32cubeide_1.10.1/stm32cubeide/plugins/com.st.stm32cube.ide.mcu.externaltools.gnu-tools-for-stm32.10.3-2021.10.win32_1.0.0.202111181127/tools/bin/../lib/gcc/arm-none-eabi/10.3.1/../../../../arm-none-eabi/lib/thumb/v7e-m+fp/hard\libc_nano.a(lib_a-errno.o)
 .ARM.attributes
                0x0000000000000483       0x34 c:/st/stm32cubeide_1.10.1/stm32cubeide/plugins/com.st.stm32cube.ide.mcu.externaltools.gnu-tools-for-stm32.10.3-2021.10.win32_1.0.0.202111181127/tools/bin/../lib/gcc/arm-none-eabi/10.3.1/../../../../arm-none-eabi/lib/thumb/v7e-m+fp/hard\libc_nano.a(lib_a-impure.o)
 .ARM.attributes
                0x00000000000004b7       0x34 c:/st/stm32cubeide_1.10.1/stm32cubeide/plugins/com.st.stm32cube.ide.mcu.externaltools.gnu-tools-for-stm32.10.3-2021.10.win32_1.0.0.202111181127/tools/bin/../lib/gcc/arm-none-eabi/10.3.1/../../../../arm-none-eabi/lib/thumb/v7e-m+fp/hard\libc_nano.a(lib_a-init.o)
 .ARM.attributes
                0x00000000000004eb       0x34 c:/st/stm32cubeide_1.10.1/stm32cubeide/plugins/com.st.stm32cube.ide.mcu.externaltools.gnu-tools-for-stm32.10.3-2021.10.win32_1.0.0.202111181127/tools/bin/../lib/gcc/arm-none-eabi/10.3.1/../../../../arm-none-eabi/lib/thumb/v7e-m+fp/hard\libc_nano.a(lib_a-malloc.o)
 .ARM.attributes
                0x000000000000051f       0x34 c:/st/stm32cubeide_1.10.1/stm32cubeide/plugins/com.st.stm32cube.ide.mcu.externaltools.gnu-tools-for-stm32.10.3-2021.10.win32_1.0.0.202111181127/tools/bin/../lib/gcc/arm-none-eabi/10.3.1/../../../../arm-none-eabi/lib/thumb/v7e-m+fp/hard\libc_nano.a(lib_a-memcpy-stub.o)
 .ARM.attributes
                0x0000000000000553       0x34 c:/st/stm32cubeide_1.10.1/stm32cubeide/plugins/com.st.stm32cube.ide.mcu.externaltools.gnu-tools-for-stm32.10.3-2021.10.win32_1.0.0.202111181127/tools/bin/../lib/gcc/arm-none-eabi/10.3.1/../../../../arm-none-eabi/lib/thumb/v7e-m+fp/hard\libc_nano.a(lib_a-memset.o)
 .ARM.attributes
                0x0000000000000587       0x34 c:/st/stm32cubeide_1.10.1/stm32cubeide/plugins/com.st.stm32cube.ide.mcu.externaltools.gnu-tools-for-stm32.10.3-2021.10.win32_1.0.0.202111181127/tools/bin/../lib/gcc/arm-none-eabi/10.3.1/../../../../arm-none-eabi/lib/thumb/v7e-m+fp/hard\libc_nano.a(lib_a-nano-freer.o)
 .ARM.attributes
                0x00000000000005bb       0x34 c:/st/stm32cubeide_1.10.1/stm32cubeide/plugins/com.st.stm32cube.ide.mcu.externaltools.gnu-tools-for-stm32.10.3-2021.10.win32_1.0.0.202111181127/tools/bin/../lib/gcc/arm-none-eabi/10.3.1/../../../../arm-none-eabi/lib/thumb/v7e-m+fp/hard\libc_nano.a(lib_a-nano-mallocr.o)
 .ARM.attributes
                0x00000000000005ef       0x34 c:/st/stm32cubeide_1.10.1/stm32cubeide/plugins/com.st.stm32cube.ide.mcu.externaltools.gnu-tools-for-stm32.10.3-2021.10.win32_1.0.0.202111181127/tools/bin/../lib/gcc/arm-none-eabi/10.3.1/../../../../arm-none-eabi/lib/thumb/v7e-m+fp/hard\libc_nano.a(lib_a-sbrkr.o)
 .ARM.attributes
                0x0000000000000623       0x34 c:/st/stm32cubeide_1.10.1/stm32cubeide/plugins/com.st.stm32cube.ide.mcu.externaltools.gnu-tools-for-stm32.10.3-2021.10.win32_1.0.0.202111181127/tools/bin/../lib/gcc/arm-none-eabi/10.3.1/../../../../arm-none-eabi/lib/thumb/v7e-m+fp/hard\libc_nano.a(lib_a-vsnprintf.o)
 .ARM.attributes
                0x0000000000000657       0x34 c:/st/stm32cubeide_1.10.1/stm32cubeide/plugins/com.st.stm32cube.ide.mcu.externaltools.gnu-tools-for-stm32.10.3-2021.10.win32_1.0.0.202111181127/tools/bin/../lib/gcc/arm-none-eabi/10.3.1/../../../../arm-none-eabi/lib/thumb/v7e-m+fp/hard\libc_nano.a(lib_a-mlock.o)
 .ARM.attributes
                0x000000000000068b       0x34 c:/st/stm32cubeide_1.10.1/stm32cubeide/plugins/com.st.stm32cube.ide.mcu.externaltools.gnu-tools-for-stm32.10.3-2021.10.win32_1.0.0.202111181127/tools/bin/../lib/gcc/arm-none-eabi/10.3.1/../../../../arm-none-eabi/lib/thumb/v7e-m+fp/hard\libc_nano.a(lib_a-nano-svfprintf.o)
 .ARM.attributes
                0x00000000000006bf       0x34 c:/st/stm32cubeide_1.10.1/stm32cubeide/plugins/com.st.stm32cube.ide.mcu.externaltools.gnu-tools-for-stm32.10.3-2021.10.win32_1.0.0.202111181127/tools/bin/../lib/gcc/arm-none-eabi/10.3.1/../../../../arm-none-eabi/lib/thumb/v7e-m+fp/hard\libc_nano.a(lib_a-nano-vfprintf_i.o)
 .ARM.attributes
                0x00000000000006f3       0x34 c:/st/stm32cubeide_1.10.1/stm32cubeide/plugins/com.st.stm32cube.ide.mcu.externaltools.gnu-tools-for-stm32.10.3-2021.10.win32_1.0.0.202111181127/tools/bin/../lib/gcc/arm-none-eabi/10.3.1/../../../../arm-none-eabi/lib/thumb/v7e-m+fp/hard\libc_nano.a(lib_a-reent.o)
 .ARM.attributes
                0x0000000000000727       0x34 c:/st/stm32cubeide_1.10.1/stm32cubeide/plugins/com.st.stm32cube.ide.mcu.externaltools.gnu-tools-for-stm32.10.3-2021.10.win32_1.0.0.202111181127/tools/bin/../lib/gcc/arm-none-eabi/10.3.1/../../../../arm-none-eabi/lib/thumb/v7e-m+fp/hard\libc_nano.a(lib_a-lock.o)
 .ARM.attributes
                0x000000000000075b       0x1c c:/st/stm32cubeide_1.10.1/stm32cubeide/plugins/com.st.stm32cube.ide.mcu.externaltools.gnu-tools-for-stm32.10.3-2021.10.win32_1.0.0.202111181127/tools/bin/../lib/gcc/arm-none-eabi/10.3.1/../../../../arm-none-eabi/lib/thumb/v7e-m+fp/hard\libc_nano.a(lib_a-memchr.o)
 .ARM.attributes
                0x0000000000000777       0x34 c:/st/stm32cubeide_1.10.1/stm32cubeide/plugins/com.st.stm32cube.ide.mcu.externaltools.gnu-tools-for-stm32.10.3-2021.10.win32_1.0.0.202111181127/tools/bin/../lib/gcc/arm-none-eabi/10.3.1/../../../../arm-none-eabi/lib/thumb/v7e-m+fp/hard\libc_nano.a(lib_a-memmove.o)
 .ARM.attributes
                0x00000000000007ab       0x34 c:/st/stm32cubeide_1.10.1/stm32cubeide/plugins/com.st.stm32cube.ide.mcu.externaltools.gnu-tools-for-stm32.10.3-2021.10.win32_1.0.0.202111181127/tools/bin/../lib/gcc/arm-none-eabi/10.3.1/../../../../arm-none-eabi/lib/thumb/v7e-m+fp/hard\libc_nano.a(lib_a-nano-reallocr.o)
 .ARM.attributes
                0x00000000000007df       0x34 c:/st/stm32cubeide_1.10.1/stm32cubeide/plugins/com.st.stm32cube.ide.mcu.externaltools.gnu-tools-for-stm32.10.3-2021.10.win32_1.0.0.202111181127/tools/bin/../lib/gcc/arm-none-eabi/10.3.1/../../../../arm-none-eabi/lib/thumb/v7e-m+fp/hard\libc_nano.a(lib_a-nano-msizer.o)
 .ARM.attributes
                0x0000000000000813       0x1e c:/st/stm32cubeide_1.10.1/stm32cubeide/plugins/com.st.stm32cube.ide.mcu.externaltools.gnu-tools-for-stm32.10.3-2021.10.win32_1.0.0.202111181127/tools/bin/../lib/gcc/arm-none-eabi/10.3.1/thumb/v7e-m+fp/hard\libgcc.a(_aeabi_uldivmod.o)
 .ARM.attributes
                0x0000000000000831       0x34 c:/st/stm32cubeide_1.10.1/stm32cubeide/plugins/com.st.stm32cube.ide.mcu.externaltools.gnu-tools-for-stm32.10.3-2021.10.win32_1.0.0.202111181127/tools/bin/../lib/gcc/arm-none-eabi/10.3.1/thumb/v7e-m+fp/hard\libgcc.a(_udivmoddi4.o)
 .ARM.attributes
                0x0000000000000865       0x1e c:/st/stm32cubeide_1.10.1/stm32cubeide/plugins/com.st.stm32cube.ide.mcu.externaltools.gnu-tools-for-stm32.10.3-2021.10.win32_1.0.0.202111181127/tools/bin/../lib/gcc/arm-none-eabi/10.3.1/thumb/v7e-m+fp/hard\libgcc.a(_dvmd_tls.o)
 .ARM.attributes
                0x0000000000000883       0x1e c:/st/stm32cubeide_1.10.1/stm32cubeide/plugins/com.st.stm32cube.ide.mcu.externaltools.gnu-tools-for-stm32.10.3-2021.10.win32_1.0.0.202111181127/tools/bin/../lib/gcc/arm-none-eabi/10.3.1/thumb/v7e-m+fp/hard/crtn.o
OUTPUT(discoboard_new.elf elf32-littlearm)
LOAD linker stubs
LOAD c:/st/stm32cubeide_1.10.1/stm32cubeide/plugins/com.st.stm32cube.ide.mcu.externaltools.gnu-tools-for-stm32.10.3-2021.10.win32_1.0.0.202111181127/tools/bin/../lib/gcc/arm-none-eabi/10.3.1/../../../../arm-none-eabi/lib/thumb/v7e-m+fp/hard\libc.a
LOAD c:/st/stm32cubeide_1.10.1/stm32cubeide/plugins/com.st.stm32cube.ide.mcu.externaltools.gnu-tools-for-stm32.10.3-2021.10.win32_1.0.0.202111181127/tools/bin/../lib/gcc/arm-none-eabi/10.3.1/../../../../arm-none-eabi/lib/thumb/v7e-m+fp/hard\libm.a
LOAD c:/st/stm32cubeide_1.10.1/stm32cubeide/plugins/com.st.stm32cube.ide.mcu.externaltools.gnu-tools-for-stm32.10.3-2021.10.win32_1.0.0.202111181127/tools/bin/../lib/gcc/arm-none-eabi/10.3.1/thumb/v7e-m+fp/hard\libgcc.a

.debug_info     0x0000000000000000     0xdf7c
 .debug_info    0x0000000000000000      0x9f4 ./Drivers/STM32F4xx_HAL_Driver/Src/stm32f4xx_hal.o
 .debug_info    0x00000000000009f4      0xe51 ./Drivers/STM32F4xx_HAL_Driver/Src/stm32f4xx_hal_cortex.o
 .debug_info    0x0000000000001845      0x94f ./Drivers/STM32F4xx_HAL_Driver/Src/stm32f4xx_hal_dma.o
 .debug_info    0x0000000000002194      0x776 ./Drivers/STM32F4xx_HAL_Driver/Src/stm32f4xx_hal_gpio.o
 .debug_info    0x000000000000290a     0x25fd ./Drivers/STM32F4xx_HAL_Driver/Src/stm32f4xx_hal_i2c.o
 .debug_info    0x0000000000004f07      0x6b6 ./Drivers/STM32F4xx_HAL_Driver/Src/stm32f4xx_hal_i2c_ex.o
 .debug_info    0x00000000000055bd      0x982 ./Drivers/STM32F4xx_HAL_Driver/Src/stm32f4xx_hal_rcc.o
 .debug_info    0x0000000000005f3f     0x1314 ./Drivers/STM32F4xx_HAL_Driver/Src/stm32f4xx_hal_uart.o
 .debug_info    0x0000000000007253     0x149a ./Src/EPS.o
 .debug_info    0x00000000000086ed      0xfd5 ./Src/GroundStation.o
 .debug_info    0x00000000000096c2      0x48d ./Src/gpio.o
 .debug_info    0x0000000000009b4f      0x855 ./Src/helper_functions.o
 .debug_info    0x000000000000a3a4      0xd18 ./Src/i2c.o
 .debug_info    0x000000000000b0bc      0xf42 ./Src/main.o
 .debug_info    0x000000000000bffe      0x2c4 ./Src/stm32f4xx_hal_msp.o
 .debug_info    0x000000000000c2c2      0x945 ./Src/stm32f4xx_it.o
 .debug_info    0x000000000000cc07      0x171 ./Src/sysmem.o
 .debug_info    0x000000000000cd78      0x53f ./Src/system_stm32f4xx.o
 .debug_info    0x000000000000d2b7      0xca3 ./Src/usart.o
 .debug_info    0x000000000000df5a       0x22 ./Startup/startup_stm32f429zitx.o

.debug_abbrev   0x0000000000000000     0x2470
 .debug_abbrev  0x0000000000000000      0x20d ./Drivers/STM32F4xx_HAL_Driver/Src/stm32f4xx_hal.o
 .debug_abbrev  0x000000000000020d      0x316 ./Drivers/STM32F4xx_HAL_Driver/Src/stm32f4xx_hal_cortex.o
 .debug_abbrev  0x0000000000000523      0x25b ./Drivers/STM32F4xx_HAL_Driver/Src/stm32f4xx_hal_dma.o
 .debug_abbrev  0x000000000000077e      0x1c4 ./Drivers/STM32F4xx_HAL_Driver/Src/stm32f4xx_hal_gpio.o
 .debug_abbrev  0x0000000000000942      0x297 ./Drivers/STM32F4xx_HAL_Driver/Src/stm32f4xx_hal_i2c.o
 .debug_abbrev  0x0000000000000bd9      0x14c ./Drivers/STM32F4xx_HAL_Driver/Src/stm32f4xx_hal_i2c_ex.o
 .debug_abbrev  0x0000000000000d25      0x2aa ./Drivers/STM32F4xx_HAL_Driver/Src/stm32f4xx_hal_rcc.o
 .debug_abbrev  0x0000000000000fcf      0x272 ./Drivers/STM32F4xx_HAL_Driver/Src/stm32f4xx_hal_uart.o
 .debug_abbrev  0x0000000000001241      0x1e2 ./Src/EPS.o
 .debug_abbrev  0x0000000000001423      0x278 ./Src/GroundStation.o
 .debug_abbrev  0x000000000000169b      0x146 ./Src/gpio.o
 .debug_abbrev  0x00000000000017e1      0x21e ./Src/helper_functions.o
 .debug_abbrev  0x00000000000019ff      0x215 ./Src/i2c.o
 .debug_abbrev  0x0000000000001c14      0x248 ./Src/main.o
 .debug_abbrev  0x0000000000001e5c       0xd4 ./Src/stm32f4xx_hal_msp.o
 .debug_abbrev  0x0000000000001f30      0x15f ./Src/stm32f4xx_it.o
 .debug_abbrev  0x000000000000208f       0xbb ./Src/sysmem.o
 .debug_abbrev  0x000000000000214a      0x116 ./Src/system_stm32f4xx.o
 .debug_abbrev  0x0000000000002260      0x1fe ./Src/usart.o
 .debug_abbrev  0x000000000000245e       0x12 ./Startup/startup_stm32f429zitx.o

.debug_aranges  0x0000000000000000      0xc50
 .debug_aranges
                0x0000000000000000      0x100 ./Drivers/STM32F4xx_HAL_Driver/Src/stm32f4xx_hal.o
 .debug_aranges
                0x0000000000000100      0x118 ./Drivers/STM32F4xx_HAL_Driver/Src/stm32f4xx_hal_cortex.o
 .debug_aranges
                0x0000000000000218       0x90 ./Drivers/STM32F4xx_HAL_Driver/Src/stm32f4xx_hal_dma.o
 .debug_aranges
                0x00000000000002a8       0x58 ./Drivers/STM32F4xx_HAL_Driver/Src/stm32f4xx_hal_gpio.o
 .debug_aranges
                0x0000000000000300      0x2a0 ./Drivers/STM32F4xx_HAL_Driver/Src/stm32f4xx_hal_i2c.o
 .debug_aranges
                0x00000000000005a0       0x28 ./Drivers/STM32F4xx_HAL_Driver/Src/stm32f4xx_hal_i2c_ex.o
 .debug_aranges
                0x00000000000005c8       0x88 ./Drivers/STM32F4xx_HAL_Driver/Src/stm32f4xx_hal_rcc.o
 .debug_aranges
                0x0000000000000650      0x1d0 ./Drivers/STM32F4xx_HAL_Driver/Src/stm32f4xx_hal_uart.o
 .debug_aranges
                0x0000000000000820      0x1d8 ./Src/EPS.o
 .debug_aranges
                0x00000000000009f8       0x48 ./Src/GroundStation.o
 .debug_aranges
                0x0000000000000a40       0x20 ./Src/gpio.o
 .debug_aranges
                0x0000000000000a60       0x40 ./Src/helper_functions.o
 .debug_aranges
                0x0000000000000aa0       0x30 ./Src/i2c.o
 .debug_aranges
                0x0000000000000ad0       0x40 ./Src/main.o
 .debug_aranges
                0x0000000000000b10       0x20 ./Src/stm32f4xx_hal_msp.o
 .debug_aranges
                0x0000000000000b30       0x78 ./Src/stm32f4xx_it.o
 .debug_aranges
                0x0000000000000ba8       0x20 ./Src/sysmem.o
 .debug_aranges
                0x0000000000000bc8       0x28 ./Src/system_stm32f4xx.o
 .debug_aranges
                0x0000000000000bf0       0x38 ./Src/usart.o
 .debug_aranges
                0x0000000000000c28       0x28 ./Startup/startup_stm32f429zitx.o

.debug_ranges   0x0000000000000000      0xb40
 .debug_ranges  0x0000000000000000       0xf0 ./Drivers/STM32F4xx_HAL_Driver/Src/stm32f4xx_hal.o
 .debug_ranges  0x00000000000000f0      0x108 ./Drivers/STM32F4xx_HAL_Driver/Src/stm32f4xx_hal_cortex.o
 .debug_ranges  0x00000000000001f8       0x80 ./Drivers/STM32F4xx_HAL_Driver/Src/stm32f4xx_hal_dma.o
 .debug_ranges  0x0000000000000278       0x48 ./Drivers/STM32F4xx_HAL_Driver/Src/stm32f4xx_hal_gpio.o
 .debug_ranges  0x00000000000002c0      0x2b8 ./Drivers/STM32F4xx_HAL_Driver/Src/stm32f4xx_hal_i2c.o
 .debug_ranges  0x0000000000000578       0x18 ./Drivers/STM32F4xx_HAL_Driver/Src/stm32f4xx_hal_i2c_ex.o
 .debug_ranges  0x0000000000000590       0x78 ./Drivers/STM32F4xx_HAL_Driver/Src/stm32f4xx_hal_rcc.o
 .debug_ranges  0x0000000000000608      0x1c0 ./Drivers/STM32F4xx_HAL_Driver/Src/stm32f4xx_hal_uart.o
 .debug_ranges  0x00000000000007c8      0x1c8 ./Src/EPS.o
 .debug_ranges  0x0000000000000990       0x38 ./Src/GroundStation.o
 .debug_ranges  0x00000000000009c8       0x10 ./Src/gpio.o
 .debug_ranges  0x00000000000009d8       0x30 ./Src/helper_functions.o
 .debug_ranges  0x0000000000000a08       0x20 ./Src/i2c.o
 .debug_ranges  0x0000000000000a28       0x30 ./Src/main.o
 .debug_ranges  0x0000000000000a58       0x10 ./Src/stm32f4xx_hal_msp.o
 .debug_ranges  0x0000000000000a68       0x68 ./Src/stm32f4xx_it.o
 .debug_ranges  0x0000000000000ad0       0x10 ./Src/sysmem.o
 .debug_ranges  0x0000000000000ae0       0x18 ./Src/system_stm32f4xx.o
 .debug_ranges  0x0000000000000af8       0x28 ./Src/usart.o
 .debug_ranges  0x0000000000000b20       0x20 ./Startup/startup_stm32f429zitx.o

.debug_macro    0x0000000000000000    0x23526
 .debug_macro   0x0000000000000000      0x233 ./Drivers/STM32F4xx_HAL_Driver/Src/stm32f4xx_hal.o
 .debug_macro   0x0000000000000233      0xa78 ./Drivers/STM32F4xx_HAL_Driver/Src/stm32f4xx_hal.o
 .debug_macro   0x0000000000000cab      0x294 ./Drivers/STM32F4xx_HAL_Driver/Src/stm32f4xx_hal.o
 .debug_macro   0x0000000000000f3f       0x2e ./Drivers/STM32F4xx_HAL_Driver/Src/stm32f4xx_hal.o
 .debug_macro   0x0000000000000f6d       0x28 ./Drivers/STM32F4xx_HAL_Driver/Src/stm32f4xx_hal.o
 .debug_macro   0x0000000000000f95       0x22 ./Drivers/STM32F4xx_HAL_Driver/Src/stm32f4xx_hal.o
 .debug_macro   0x0000000000000fb7       0x8e ./Drivers/STM32F4xx_HAL_Driver/Src/stm32f4xx_hal.o
 .debug_macro   0x0000000000001045       0x51 ./Drivers/STM32F4xx_HAL_Driver/Src/stm32f4xx_hal.o
 .debug_macro   0x0000000000001096      0x103 ./Drivers/STM32F4xx_HAL_Driver/Src/stm32f4xx_hal.o
 .debug_macro   0x0000000000001199       0x6a ./Drivers/STM32F4xx_HAL_Driver/Src/stm32f4xx_hal.o
 .debug_macro   0x0000000000001203      0x1df ./Drivers/STM32F4xx_HAL_Driver/Src/stm32f4xx_hal.o
 .debug_macro   0x00000000000013e2       0x1c ./Drivers/STM32F4xx_HAL_Driver/Src/stm32f4xx_hal.o
 .debug_macro   0x00000000000013fe       0x22 ./Drivers/STM32F4xx_HAL_Driver/Src/stm32f4xx_hal.o
 .debug_macro   0x0000000000001420       0xd9 ./Drivers/STM32F4xx_HAL_Driver/Src/stm32f4xx_hal.o
 .debug_macro   0x00000000000014f9     0x102d ./Drivers/STM32F4xx_HAL_Driver/Src/stm32f4xx_hal.o
 .debug_macro   0x0000000000002526      0x11f ./Drivers/STM32F4xx_HAL_Driver/Src/stm32f4xx_hal.o
 .debug_macro   0x0000000000002645    0x17f69 ./Drivers/STM32F4xx_HAL_Driver/Src/stm32f4xx_hal.o
 .debug_macro   0x000000000001a5ae       0x43 ./Drivers/STM32F4xx_HAL_Driver/Src/stm32f4xx_hal.o
 .debug_macro   0x000000000001a5f1     0x36c9 ./Drivers/STM32F4xx_HAL_Driver/Src/stm32f4xx_hal.o
 .debug_macro   0x000000000001dcba      0x174 ./Drivers/STM32F4xx_HAL_Driver/Src/stm32f4xx_hal.o
 .debug_macro   0x000000000001de2e       0x5a ./Drivers/STM32F4xx_HAL_Driver/Src/stm32f4xx_hal.o
 .debug_macro   0x000000000001de88      0xca5 ./Drivers/STM32F4xx_HAL_Driver/Src/stm32f4xx_hal.o
 .debug_macro   0x000000000001eb2d      0x9fe ./Drivers/STM32F4xx_HAL_Driver/Src/stm32f4xx_hal.o
 .debug_macro   0x000000000001f52b      0x117 ./Drivers/STM32F4xx_HAL_Driver/Src/stm32f4xx_hal.o
 .debug_macro   0x000000000001f642      0x157 ./Drivers/STM32F4xx_HAL_Driver/Src/stm32f4xx_hal.o
 .debug_macro   0x000000000001f799       0x27 ./Drivers/STM32F4xx_HAL_Driver/Src/stm32f4xx_hal.o
 .debug_macro   0x000000000001f7c0      0x182 ./Drivers/STM32F4xx_HAL_Driver/Src/stm32f4xx_hal.o
 .debug_macro   0x000000000001f942      0x287 ./Drivers/STM32F4xx_HAL_Driver/Src/stm32f4xx_hal.o
 .debug_macro   0x000000000001fbc9       0x5f ./Drivers/STM32F4xx_HAL_Driver/Src/stm32f4xx_hal.o
 .debug_macro   0x000000000001fc28      0x236 ./Drivers/STM32F4xx_HAL_Driver/Src/stm32f4xx_hal.o
 .debug_macro   0x000000000001fe5e      0x132 ./Drivers/STM32F4xx_HAL_Driver/Src/stm32f4xx_hal.o
 .debug_macro   0x000000000001ff90      0x41d ./Drivers/STM32F4xx_HAL_Driver/Src/stm32f4xx_hal.o
 .debug_macro   0x00000000000203ad       0x2e ./Drivers/STM32F4xx_HAL_Driver/Src/stm32f4xx_hal.o
 .debug_macro   0x00000000000203db      0x1b5 ./Drivers/STM32F4xx_HAL_Driver/Src/stm32f4xx_hal.o
 .debug_macro   0x0000000000020590       0x22 ./Drivers/STM32F4xx_HAL_Driver/Src/stm32f4xx_hal.o
 .debug_macro   0x00000000000205b2       0xd6 ./Drivers/STM32F4xx_HAL_Driver/Src/stm32f4xx_hal.o
 .debug_macro   0x0000000000020688      0x11a ./Drivers/STM32F4xx_HAL_Driver/Src/stm32f4xx_hal.o
 .debug_macro   0x00000000000207a2       0xe2 ./Drivers/STM32F4xx_HAL_Driver/Src/stm32f4xx_hal.o
 .debug_macro   0x0000000000020884       0x89 ./Drivers/STM32F4xx_HAL_Driver/Src/stm32f4xx_hal.o
 .debug_macro   0x000000000002090d      0x287 ./Drivers/STM32F4xx_HAL_Driver/Src/stm32f4xx_hal.o
 .debug_macro   0x0000000000020b94      0x134 ./Drivers/STM32F4xx_HAL_Driver/Src/stm32f4xx_hal.o
 .debug_macro   0x0000000000020cc8      0x1d3 ./Drivers/STM32F4xx_HAL_Driver/Src/stm32f4xx_hal_cortex.o
 .debug_macro   0x0000000000020e9b      0x1d9 ./Drivers/STM32F4xx_HAL_Driver/Src/stm32f4xx_hal_dma.o
 .debug_macro   0x0000000000021074      0x209 ./Drivers/STM32F4xx_HAL_Driver/Src/stm32f4xx_hal_gpio.o
 .debug_macro   0x000000000002127d      0x21a ./Drivers/STM32F4xx_HAL_Driver/Src/stm32f4xx_hal_i2c.o
 .debug_macro   0x0000000000021497      0x1d3 ./Drivers/STM32F4xx_HAL_Driver/Src/stm32f4xx_hal_i2c_ex.o
 .debug_macro   0x000000000002166a      0x1f7 ./Drivers/STM32F4xx_HAL_Driver/Src/stm32f4xx_hal_rcc.o
 .debug_macro   0x0000000000021861      0x1d4 ./Drivers/STM32F4xx_HAL_Driver/Src/stm32f4xx_hal_uart.o
 .debug_macro   0x0000000000021a35      0x215 ./Src/EPS.o
 .debug_macro   0x0000000000021c4a       0x10 ./Src/EPS.o
 .debug_macro   0x0000000000021c5a      0x32b ./Src/GroundStation.o
 .debug_macro   0x0000000000021f85       0x28 ./Src/GroundStation.o
 .debug_macro   0x0000000000021fad       0x1c ./Src/GroundStation.o
 .debug_macro   0x0000000000021fc9      0x1ec ./Src/gpio.o
 .debug_macro   0x00000000000221b5      0x308 ./Src/helper_functions.o
 .debug_macro   0x00000000000224bd       0x10 ./Src/helper_functions.o
 .debug_macro   0x00000000000224cd      0x1ec ./Src/i2c.o
 .debug_macro   0x00000000000226b9      0x350 ./Src/main.o
 .debug_macro   0x0000000000022a09       0x3a ./Src/main.o
 .debug_macro   0x0000000000022a43       0x16 ./Src/main.o
 .debug_macro   0x0000000000022a59      0x1e2 ./Src/stm32f4xx_hal_msp.o
 .debug_macro   0x0000000000022c3b      0x1ec ./Src/stm32f4xx_it.o
 .debug_macro   0x0000000000022e27       0xff ./Src/sysmem.o
 .debug_macro   0x0000000000022f26      0x23b ./Src/sysmem.o
 .debug_macro   0x0000000000023161      0x1d9 ./Src/system_stm32f4xx.o
 .debug_macro   0x000000000002333a      0x1ec ./Src/usart.o

.debug_line     0x0000000000000000     0xfa74
 .debug_line    0x0000000000000000      0x9d4 ./Drivers/STM32F4xx_HAL_Driver/Src/stm32f4xx_hal.o
 .debug_line    0x00000000000009d4      0xc4d ./Drivers/STM32F4xx_HAL_Driver/Src/stm32f4xx_hal_cortex.o
 .debug_line    0x0000000000001621      0xf09 ./Drivers/STM32F4xx_HAL_Driver/Src/stm32f4xx_hal_dma.o
 .debug_line    0x000000000000252a      0xb4e ./Drivers/STM32F4xx_HAL_Driver/Src/stm32f4xx_hal_gpio.o
 .debug_line    0x0000000000003078     0x385a ./Drivers/STM32F4xx_HAL_Driver/Src/stm32f4xx_hal_i2c.o
 .debug_line    0x00000000000068d2      0x731 ./Drivers/STM32F4xx_HAL_Driver/Src/stm32f4xx_hal_i2c_ex.o
 .debug_line    0x0000000000007003      0xd01 ./Drivers/STM32F4xx_HAL_Driver/Src/stm32f4xx_hal_rcc.o
 .debug_line    0x0000000000007d04     0x17f1 ./Drivers/STM32F4xx_HAL_Driver/Src/stm32f4xx_hal_uart.o
 .debug_line    0x00000000000094f5     0x1052 ./Src/EPS.o
 .debug_line    0x000000000000a547     0x116b ./Src/GroundStation.o
 .debug_line    0x000000000000b6b2      0x6c1 ./Src/gpio.o
 .debug_line    0x000000000000bd73      0x9d2 ./Src/helper_functions.o
 .debug_line    0x000000000000c745      0x72e ./Src/i2c.o
 .debug_line    0x000000000000ce73      0x974 ./Src/main.o
 .debug_line    0x000000000000d7e7      0x6b2 ./Src/stm32f4xx_hal_msp.o
 .debug_line    0x000000000000de99      0x7b6 ./Src/stm32f4xx_it.o
 .debug_line    0x000000000000e64f      0x4e5 ./Src/sysmem.o
 .debug_line    0x000000000000eb34      0x739 ./Src/system_stm32f4xx.o
 .debug_line    0x000000000000f26d      0x787 ./Src/usart.o
 .debug_line    0x000000000000f9f4       0x80 ./Startup/startup_stm32f429zitx.o

.debug_str      0x0000000000000000    0xd3804
 .debug_str     0x0000000000000000    0xccffc ./Drivers/STM32F4xx_HAL_Driver/Src/stm32f4xx_hal.o
                                      0xcd369 (size before relaxing)
 .debug_str     0x00000000000ccffc      0x3b2 ./Drivers/STM32F4xx_HAL_Driver/Src/stm32f4xx_hal_cortex.o
                                      0xcd04e (size before relaxing)
 .debug_str     0x00000000000cd3ae      0x52f ./Drivers/STM32F4xx_HAL_Driver/Src/stm32f4xx_hal_dma.o
                                      0xccb4d (size before relaxing)
 .debug_str     0x00000000000cd8dd      0x287 ./Drivers/STM32F4xx_HAL_Driver/Src/stm32f4xx_hal_gpio.o
                                      0xcc96e (size before relaxing)
 .debug_str     0x00000000000cdb64      0xd5f ./Drivers/STM32F4xx_HAL_Driver/Src/stm32f4xx_hal_i2c.o
                                      0xcd703 (size before relaxing)
 .debug_str     0x00000000000ce8c3       0x3b ./Drivers/STM32F4xx_HAL_Driver/Src/stm32f4xx_hal_i2c_ex.o
                                      0xccb15 (size before relaxing)
 .debug_str     0x00000000000ce8fe      0x38b ./Drivers/STM32F4xx_HAL_Driver/Src/stm32f4xx_hal_rcc.o
                                      0xccb7a (size before relaxing)
 .debug_str     0x00000000000cec89      0x6c6 ./Drivers/STM32F4xx_HAL_Driver/Src/stm32f4xx_hal_uart.o
                                      0xccfdf (size before relaxing)
 .debug_str     0x00000000000cf34f      0x7cb ./Src/EPS.o
                                      0xcd2bc (size before relaxing)
 .debug_str     0x00000000000cfb1a     0x318d ./Src/GroundStation.o
                                      0xd02cc (size before relaxing)
 .debug_str     0x00000000000d2ca7       0x25 ./Src/gpio.o
                                      0xcc7aa (size before relaxing)
 .debug_str     0x00000000000d2ccc       0xca ./Src/helper_functions.o
                                      0xcfc3c (size before relaxing)
 .debug_str     0x00000000000d2d96       0x32 ./Src/i2c.o
                                      0xcd2b1 (size before relaxing)
 .debug_str     0x00000000000d2dc8      0x3b8 ./Src/main.o
                                      0xd04a4 (size before relaxing)
 .debug_str     0x00000000000d3180       0x1b ./Src/stm32f4xx_hal_msp.o
                                      0xcc6e1 (size before relaxing)
 .debug_str     0x00000000000d319b       0xef ./Src/stm32f4xx_it.o
                                      0xccd75 (size before relaxing)
 .debug_str     0x00000000000d328a      0x4d5 ./Src/sysmem.o
                                       0x5dbe (size before relaxing)
 .debug_str     0x00000000000d375f       0x5a ./Src/system_stm32f4xx.o
                                      0xcc756 (size before relaxing)
 .debug_str     0x00000000000d37b9       0x1a ./Src/usart.o
                                      0xcd1cd (size before relaxing)
 .debug_str     0x00000000000d37d3       0x31 ./Startup/startup_stm32f429zitx.o
                                         0x80 (size before relaxing)

.comment        0x0000000000000000       0x50
 .comment       0x0000000000000000       0x50 ./Drivers/STM32F4xx_HAL_Driver/Src/stm32f4xx_hal.o
                                         0x51 (size before relaxing)
 .comment       0x0000000000000050       0x51 ./Drivers/STM32F4xx_HAL_Driver/Src/stm32f4xx_hal_cortex.o
 .comment       0x0000000000000050       0x51 ./Drivers/STM32F4xx_HAL_Driver/Src/stm32f4xx_hal_dma.o
 .comment       0x0000000000000050       0x51 ./Drivers/STM32F4xx_HAL_Driver/Src/stm32f4xx_hal_gpio.o
 .comment       0x0000000000000050       0x51 ./Drivers/STM32F4xx_HAL_Driver/Src/stm32f4xx_hal_i2c.o
 .comment       0x0000000000000050       0x51 ./Drivers/STM32F4xx_HAL_Driver/Src/stm32f4xx_hal_i2c_ex.o
 .comment       0x0000000000000050       0x51 ./Drivers/STM32F4xx_HAL_Driver/Src/stm32f4xx_hal_rcc.o
 .comment       0x0000000000000050       0x51 ./Drivers/STM32F4xx_HAL_Driver/Src/stm32f4xx_hal_uart.o
 .comment       0x0000000000000050       0x51 ./Src/EPS.o
 .comment       0x0000000000000050       0x51 ./Src/GroundStation.o
 .comment       0x0000000000000050       0x51 ./Src/gpio.o
 .comment       0x0000000000000050       0x51 ./Src/helper_functions.o
 .comment       0x0000000000000050       0x51 ./Src/i2c.o
 .comment       0x0000000000000050       0x51 ./Src/main.o
 .comment       0x0000000000000050       0x51 ./Src/stm32f4xx_hal_msp.o
 .comment       0x0000000000000050       0x51 ./Src/stm32f4xx_it.o
 .comment       0x0000000000000050       0x51 ./Src/sysmem.o
 .comment       0x0000000000000050       0x51 ./Src/system_stm32f4xx.o
 .comment       0x0000000000000050       0x51 ./Src/usart.o

.debug_frame    0x0000000000000000     0x34d0
 .debug_frame   0x0000000000000000      0x3b4 ./Drivers/STM32F4xx_HAL_Driver/Src/stm32f4xx_hal.o
 .debug_frame   0x00000000000003b4      0x498 ./Drivers/STM32F4xx_HAL_Driver/Src/stm32f4xx_hal_cortex.o
 .debug_frame   0x000000000000084c      0x250 ./Drivers/STM32F4xx_HAL_Driver/Src/stm32f4xx_hal_dma.o
 .debug_frame   0x0000000000000a9c      0x14c ./Drivers/STM32F4xx_HAL_Driver/Src/stm32f4xx_hal_gpio.o
 .debug_frame   0x0000000000000be8      0xc5c ./Drivers/STM32F4xx_HAL_Driver/Src/stm32f4xx_hal_i2c.o
 .debug_frame   0x0000000000001844       0x60 ./Drivers/STM32F4xx_HAL_Driver/Src/stm32f4xx_hal_i2c_ex.o
 .debug_frame   0x00000000000018a4      0x1f4 ./Drivers/STM32F4xx_HAL_Driver/Src/stm32f4xx_hal_rcc.o
 .debug_frame   0x0000000000001a98      0x844 ./Drivers/STM32F4xx_HAL_Driver/Src/stm32f4xx_hal_uart.o
 .debug_frame   0x00000000000022dc      0x720 ./Src/EPS.o
 .debug_frame   0x00000000000029fc      0x104 ./Src/GroundStation.o
 .debug_frame   0x0000000000002b00       0x34 ./Src/gpio.o