../R2U2_C/src/binParser/parse.c:20:19:string2Int	24	static
../R2U2_C/src/binParser/parse.c:29:13:decode_inst	16	static
../R2U2_C/src/binParser/parse.c:48:13:decode_interval	16	static
../R2U2_C/src/binParser/parse.c:56:13:decode_scq_size	16	static
../R2U2_C/src/binParser/parse.c:64:13:decode_at_instr	24	static
../R2U2_C/src/binParser/parse.c:147:6:parse_inst_ft_file	712	static
../R2U2_C/src/binParser/parse.c:166:6:parse_inst_ft_bin	80	static
../R2U2_C/src/binParser/parse.c:185:6:parse_inst_pt_file	712	static
../R2U2_C/src/binParser/parse.c:203:6:parse_inst_pt_bin	80	static
../R2U2_C/src/binParser/parse.c:222:6:parse_interval_ft_file	712	static
../R2U2_C/src/binParser/parse.c:240:6:parse_interval_ft_bin	104	static
../R2U2_C/src/binParser/parse.c:259:6:parse_interval_pt_file	712	static
../R2U2_C/src/binParser/parse.c:277:6:parse_interval_pt_bin	104	static
../R2U2_C/src/binParser/parse.c:296:6:parse_scq_size_file	712	static
../R2U2_C/src/binParser/parse.c:315:6:parse_scq_size_bin	48	static
../R2U2_C/src/binParser/parse.c:336:6:parse_at_file	704	static
../R2U2_C/src/binParser/parse.c:357:6:parse_at_bin	120	static
