EPS.c:21:19:READ_EPS_BATTERY_VOLTAGE	24	static
EPS.c:40:19:READ_EPS_BATTERY_CURRENT	24	static
EPS.c:61:19:READ_EPS_SOLAR_X_VOLTAGE	24	static
EPS.c:79:19:READ_EPS_SOLAR_X_NEG_CURRENT	24	static
EPS.c:97:19:READ_EPS_SOLAR_X_POS_CURRENT	24	static
EPS.c:115:19:READ_EPS_SOLAR_Y_VOLTAGE	24	static
EPS.c:133:19:READ_EPS_SOLAR_Y_NEG_CURRENT	24	static
EPS.c:151:19:READ_EPS_SOLAR_Y_POS_CURRENT	24	static
EPS.c:170:19:READ_EPS_SOLAR_Z_VOLTAGE	24	static
EPS.c:188:19:READ_EPS_SOLAR_Z_NEG_CURRENT	24	static
EPS.c:206:19:READ_EPS_SOLAR_Z_POS_CURRENT	24	static
EPS.c:228:19:READ_EPS_3V_CURRENT	24	static
EPS.c:246:19:READ_EPS_5V_CURRENT	24	static
EPS.c:266:19:READ_EPS_MCU_TEMP	24	static
EPS.c:284:19:READ_EPS_BATT_1_TEMP	24	static
EPS.c:302:19:READ_EPS_BATT_2_TEMP	24	static
EPS.c:320:19:READ_EPS_BATT_3_TEMP	24	static
EPS.c:338:19:READ_EPS_BATT_4_TEMP	24	static
EPS.c:358:19:READ_EPS_INPUT_CONDITION	24	static
EPS.c:375:19:READ_EPS_OUTPUT_CONDITION1	24	static
EPS.c:392:19:READ_EPS_OUTPUT_CONDITION2	24	static
EPS.c:411:19:READ_EPS_POWER_ON_CYCLES	24	static
EPS.c:428:19:READ_EPS_UNDER_VOLT_COUNT	24	static
EPS.c:445:19:READ_EPS_SHORT_CIRCUIT_COUNT	24	static
EPS.c:462:19:READ_EPS_OVER_TEMP_COUNT	24	static
EPS.c:479:19:READ_EPS_CHARGE_CYCLES	24	static
EPS.c:497:19:READ_EPS_DEFAULTS1	24	static
EPS.c:514:19:READ_EPS_DEFAULTS2	24	static
EPS.c:528:19:enable_EPS_Vbatt_Bus	8	static
EPS.c:532:19:disable_EPS_Vbatt_Bus	8	static
EPS.c:536:19:enable_EPS_5v_Bus	8	static
EPS.c:540:19:disable_EPS_5v_Bus	8	static
EPS.c:544:19:enable_EPS_LUP_3v	8	static
EPS.c:548:19:disable_EPS_LUP_3v	8	static
EPS.c:552:19:enable_EPS_Fast_Charge1	8	static
EPS.c:556:19:disable_EPS_Fast_Charge1	8	static
EPS.c:560:19:enable_EPS_Fast_Charge2	8	static
EPS.c:564:19:disable_EPS_Fast_Charge2	8	static
EPS.c:568:19:enable_EPS_Output_1	8	static
EPS.c:572:19:disable_EPS_Output_1	8	static
EPS.c:576:19:enable_EPS_Output_2	8	static
EPS.c:580:19:disable_EPS_Output_2	8	static
EPS.c:584:19:enable_EPS_Output_3	8	static
EPS.c:588:19:disable_EPS_Output_3	8	static
EPS.c:592:19:enable_EPS_Output_5	8	static
EPS.c:596:19:disable_EPS_Output_5	8	static
EPS.c:600:19:enable_EPS_Output_6	8	static
EPS.c:604:19:disable_EPS_Output_6	8	static
EPS.c:608:19:enable_EPS_Batt_Heater_1	8	static
EPS.c:612:19:disable_EPS_Batt_Heater_1	8	static
EPS.c:616:19:enable_EPS_Batt_Heater_2	8	static
EPS.c:620:19:disable_EPS_Batt_Heater_2	8	static
EPS.c:624:19:enable_EPS_Batt_Heater_3	8	static
EPS.c:628:19:disable_EPS_Batt_Heater_3	8	static
EPS.c:639:19:EPS_READ	32	static
EPS.c:654:19:EPS_WRITE	32	static
